[paperA_disc_distB] start 2026-06-17T15:18:58Z algo=tdmpc2 task=CheetahRun seeds=0 sha=paperA tag=paperA_disc_distB_CheetahRun_paperA
[paperA_disc_distB] === CheetahRun seed=0 start 2026-06-17T15:18:58Z ===

Benchmark: ['tdmpc2'] × ['CheetahRun']
Steps: 500,000  Seed: 0
Output: /root/helios-rl/exp/benchmark


============================================================
  TD-MPC2 | CheetahRun | seed=0 | steps=500,000
============================================================
  K_UPDATE override: 128 gradient updates per batch (default 64)
  MPPI n_samples override: NS=2048 (DEFAULTS['NS']=512)
  DISTRACTORS: +32 OU nuisance obs dims (scale=1.0, rho=0.95)
  obs=49  act=6
  Warming up JIT (may take 30-90s)...
  JIT compiled in 50.5s
  es=    5,120  sps=58  loss=0.7659  scale=1.00  mpc=0.0000
  es=   10,240  sps=73  loss=0.7423  scale=1.00  mpc=0.0000
  es=   15,360  sps=83  loss=0.6702  scale=1.00  mpc=0.0000
  es=   20,480  sps=101  loss=0.3090  scale=1.00  mpc=0.0000
  es=   25,600  sps=115  loss=0.4735  scale=1.00  mpc=0.0000
  es=   30,720  sps=118  loss=0.3759  scale=1.04  mpc=0.0000
  es=   35,840  sps=117  loss=0.5517  scale=1.35  mpc=0.0000
  es=   40,960  sps=114  loss=0.6444  scale=1.96  mpc=0.0000
  es=   46,080  sps=111  loss=0.6156  scale=2.17  mpc=0.0000
  step=   50,176  pi_reward=    4.2  MPPI=   19.5  sps=59
    diag pi:   full=0.00 stand=0.05  falls=1.0  ttf=1000.0
    diag mppi: full=0.00 stand=0.36  falls=15.6  ttf=1000.0
  es=   51,200  sps=59  loss=0.5831  scale=2.47  mpc=0.0000
  es=   56,320  sps=62  loss=0.5617  scale=2.08  mpc=0.0000
  es=   61,440  sps=63  loss=0.6484  scale=1.00  mpc=0.0000
  es=   66,560  sps=65  loss=0.5790  scale=1.71  mpc=0.0000
  es=   71,680  sps=67  loss=0.6619  scale=1.86  mpc=0.0000
  es=   76,800  sps=68  loss=0.7077  scale=2.19  mpc=0.0000
  es=   81,920  sps=72  loss=0.6273  scale=2.01  mpc=0.0000
  es=   87,040  sps=75  loss=0.6980  scale=2.01  mpc=0.0000
  es=   92,160  sps=77  loss=0.7072  scale=2.32  mpc=0.0000
  es=   97,280  sps=78  loss=0.7609  scale=2.74  mpc=0.0000
  step=  100,096  pi_reward=    3.8  MPPI=   57.7  sps=58
    diag pi:   full=0.00 stand=0.05  falls=1.2  ttf=1000.0
    diag mppi: full=0.00 stand=0.56  falls=7.0  ttf=1000.0
  es=  102,400  sps=59  loss=0.7567  scale=3.03  mpc=0.0000
  es=  107,520  sps=62  loss=0.7308  scale=1.34  mpc=0.0000
  es=  112,640  sps=63  loss=0.6711  scale=2.60  mpc=0.0000
  es=  117,760  sps=65  loss=0.7069  scale=2.72  mpc=0.0000
  es=  122,880  sps=66  loss=0.6684  scale=2.46  mpc=0.0000
  es=  128,000  sps=67  loss=0.7540  scale=1.51  mpc=0.0000
  es=  133,120  sps=68  loss=0.6309  scale=2.12  mpc=0.0000
  es=  138,240  sps=68  loss=0.7395  scale=2.60  mpc=0.0000
  es=  143,360  sps=70  loss=0.7245  scale=1.44  mpc=0.0000
  es=  148,480  sps=71  loss=0.6917  scale=1.82  mpc=0.0000
  step=  150,016  pi_reward=   25.4  MPPI=   38.7  sps=62
    diag pi:   full=0.00 stand=0.41  falls=8.6  ttf=1000.0
    diag mppi: full=0.00 stand=0.55  falls=10.8  ttf=1000.0
  es=  153,600  sps=63  loss=0.3709  scale=1.01  mpc=0.0000
  es=  158,720  sps=65  loss=0.6276  scale=1.46  mpc=0.0000
  es=  163,840  sps=66  loss=0.6456  scale=2.17  mpc=0.0000
  es=  168,960  sps=68  loss=0.6103  scale=1.09  mpc=0.0000
  es=  174,080  sps=70  loss=0.8385  scale=3.41  mpc=0.0000
  es=  179,200  sps=71  loss=0.4844  scale=1.70  mpc=0.0000
  es=  184,320  sps=73  loss=0.6810  scale=2.80  mpc=0.0000
  es=  189,440  sps=75  loss=0.7878  scale=3.04  mpc=0.0000
  es=  194,560  sps=76  loss=0.8262  scale=4.00  mpc=0.0000
  es=  199,680  sps=78  loss=0.8007  scale=3.96  mpc=0.0000
  step=  200,192  pi_reward=    1.6  MPPI=   58.5  sps=76
    diag pi:   full=0.00 stand=0.01  falls=2.6  ttf=1000.0
    diag mppi: full=0.00 stand=0.54  falls=21.0  ttf=1000.0
  es=  204,800  sps=77  loss=0.7906  scale=4.00  mpc=0.0000
  es=  209,920  sps=79  loss=0.6645  scale=4.00  mpc=0.0000
  es=  215,040  sps=80  loss=0.5987  scale=2.03  mpc=0.0000
  es=  220,160  sps=82  loss=0.5224  scale=3.90  mpc=0.0000
  es=  225,280  sps=83  loss=0.7964  scale=4.00  mpc=0.0000
  es=  230,400  sps=85  loss=0.7611  scale=4.00  mpc=0.0000
  es=  235,520  sps=86  loss=0.7876  scale=4.00  mpc=0.0000
  es=  240,640  sps=88  loss=0.7456  scale=4.00  mpc=0.0000
  es=  245,760  sps=89  loss=0.7571  scale=4.00  mpc=0.0000
  step=  250,112  pi_reward=    3.3  MPPI=  105.3  sps=88  MPPI>>pi
    diag pi:   full=0.00 stand=0.10  falls=10.4  ttf=1000.0
    diag mppi: full=0.00 stand=0.80  falls=10.4  ttf=1000.0
  es=  250,880  sps=88  loss=0.7553  scale=4.00  mpc=0.0000
  es=  256,000  sps=89  loss=0.7024  scale=4.00  mpc=0.0000
  es=  261,120  sps=91  loss=0.6513  scale=4.00  mpc=0.0000
  es=  266,240  sps=92  loss=0.6174  scale=4.00  mpc=0.0000
  es=  271,360  sps=93  loss=0.5551  scale=4.00  mpc=0.0000
  es=  276,480  sps=95  loss=0.5593  scale=4.00  mpc=0.0000
  es=  281,600  sps=96  loss=0.6942  scale=4.00  mpc=0.0000
  es=  286,720  sps=97  loss=0.6698  scale=4.00  mpc=0.0000
  es=  291,840  sps=99  loss=0.6817  scale=4.00  mpc=0.0000
  es=  296,960  sps=100  loss=0.7057  scale=4.00  mpc=0.0000
  step=  300,032  pi_reward=  104.8  MPPI=   63.7  sps=98
    diag pi:   full=0.00 stand=0.67  falls=5.6  ttf=1000.0
    diag mppi: full=0.00 stand=0.60  falls=23.6  ttf=1000.0
  es=  302,080  sps=99  loss=0.7362  scale=4.00  mpc=0.0000
  es=  307,200  sps=100  loss=0.7481  scale=4.00  mpc=0.0000
  es=  312,320  sps=101  loss=0.7695  scale=4.00  mpc=0.0000
  es=  317,440  sps=102  loss=0.7421  scale=4.00  mpc=0.0000
  es=  322,560  sps=103  loss=0.7566  scale=4.00  mpc=0.0000
  es=  327,680  sps=105  loss=0.7871  scale=4.00  mpc=0.0000
  es=  332,800  sps=106  loss=0.7457  scale=4.00  mpc=0.0000
  es=  337,920  sps=107  loss=0.7296  scale=4.00  mpc=0.0000
  es=  343,040  sps=108  loss=0.6547  scale=4.00  mpc=0.0000
  es=  348,160  sps=109  loss=0.6673  scale=4.00  mpc=0.0000
  step=  350,208  pi_reward=  156.1  MPPI=  118.3  sps=107
    diag pi:   full=0.00 stand=0.90  falls=2.6  ttf=1000.0
    diag mppi: full=0.00 stand=0.88  falls=8.2  ttf=1000.0
  es=  353,280  sps=108  loss=0.6696  scale=4.00  mpc=0.0000
  es=  358,400  sps=109  loss=0.6560  scale=4.00  mpc=0.0000
  es=  363,520  sps=110  loss=0.6525  scale=4.00  mpc=0.0000
  es=  368,640  sps=111  loss=0.6306  scale=4.00  mpc=0.0000
  es=  373,760  sps=112  loss=0.6358  scale=4.00  mpc=0.0000
  es=  378,880  sps=113  loss=0.6587  scale=4.00  mpc=0.0000
  es=  384,000  sps=114  loss=0.7295  scale=4.00  mpc=0.0000
  es=  389,120  sps=115  loss=0.6999  scale=4.00  mpc=0.0000
  es=  394,240  sps=117  loss=0.6830  scale=4.00  mpc=0.0000
  es=  399,360  sps=118  loss=0.7127  scale=4.00  mpc=0.0000
  step=  400,128  pi_reward=   80.0  MPPI=  122.4  sps=115
    diag pi:   full=0.00 stand=0.56  falls=7.0  ttf=1000.0
    diag mppi: full=0.00 stand=0.81  falls=13.0  ttf=1000.0
  es=  404,480  sps=116  loss=0.6298  scale=4.00  mpc=0.0000
  es=  409,600  sps=117  loss=0.7597  scale=4.00  mpc=0.0000
  es=  414,720  sps=118  loss=0.6958  scale=4.00  mpc=0.0000
  es=  419,840  sps=119  loss=0.7638  scale=4.00  mpc=0.0000
  es=  424,960  sps=120  loss=0.7704  scale=4.00  mpc=0.0000
  es=  430,080  sps=121  loss=0.7144  scale=4.00  mpc=0.0000
  es=  435,200  sps=122  loss=0.7757  scale=4.00  mpc=0.0000
  es=  440,320  sps=123  loss=0.7370  scale=4.00  mpc=0.0000
  es=  445,440  sps=124  loss=0.6763  scale=4.00  mpc=0.0000
  step=  450,048  pi_reward=   63.9  MPPI=   86.0  sps=122
    diag pi:   full=0.00 stand=0.46  falls=10.2  ttf=1000.0
    diag mppi: full=0.00 stand=0.61  falls=10.6  ttf=1000.0
  es=  450,560  sps=122  loss=0.7473  scale=4.00  mpc=0.0000
  es=  455,680  sps=123  loss=0.7090  scale=4.00  mpc=0.0000
  es=  460,800  sps=124  loss=0.7598  scale=4.00  mpc=0.0000
  es=  465,920  sps=125  loss=0.7039  scale=4.00  mpc=0.0000
  es=  471,040  sps=126  loss=0.7017  scale=4.00  mpc=0.0000
  es=  476,160  sps=127  loss=0.7358  scale=4.00  mpc=0.0000
  es=  481,280  sps=128  loss=0.7336  scale=4.00  mpc=0.0000
  es=  486,400  sps=129  loss=0.7322  scale=4.00  mpc=0.0000
  es=  491,520  sps=130  loss=0.7173  scale=4.00  mpc=0.0000
  es=  496,640  sps=130  loss=0.7082  scale=4.00  mpc=0.0000
  step=  500,224  pi_reward=  117.0  MPPI=  103.8  sps=128
    diag pi:   full=0.00 stand=0.62  falls=3.0  ttf=1000.0
    diag mppi: full=0.00 stand=0.70  falls=12.6  ttf=1000.0
  TD-MPC2 CheetahRun done in 3894s

============================================================
All runs completed in 67.6 min
CSVs saved to: /root/helios-rl/exp/benchmark
[paperA_disc_distB] === CheetahRun seed=0 done rc=0 2026-06-17T16:26:41Z ===
[paperA_disc_distB] all done status=0 at 2026-06-17T16:26:41Z
