[paperA_disc_cleanNB] start 2026-06-17T17:06:47Z algo=tdmpc2 task=CheetahRun seeds=1 sha=paperA tag=paperA_cleanNB_s1
[paperA_disc_cleanNB] === CheetahRun seed=1 start 2026-06-17T17:06:47Z ===

Benchmark: ['tdmpc2'] × ['CheetahRun']
Steps: 500,000  Seed: 1
Output: /root/helios-rl/exp/benchmark


============================================================
  TD-MPC2 | CheetahRun | seed=1 | steps=500,000
============================================================
  K_UPDATE override: 128 gradient updates per batch (default 64)
  MPPI n_samples override: NS=2048 (DEFAULTS['NS']=512)
  obs=17  act=6
  Warming up JIT (may take 30-90s)...
  JIT compiled in 25.7s
  es=    5,120  sps=112  loss=1.1266  scale=1.00  mpc=0.0000
  es=   10,240  sps=186  loss=0.7593  scale=1.00  mpc=0.0000
  es=   15,360  sps=239  loss=0.2790  scale=1.00  mpc=0.0000
  es=   20,480  sps=279  loss=0.5261  scale=1.00  mpc=0.0000
  es=   25,600  sps=305  loss=0.3703  scale=2.02  mpc=0.0000
  es=   30,720  sps=330  loss=0.2005  scale=1.00  mpc=0.0000
  es=   35,840  sps=350  loss=0.3614  scale=1.00  mpc=0.0000
  es=   40,960  sps=367  loss=0.5884  scale=1.01  mpc=0.0000
  es=   46,080  sps=378  loss=0.4159  scale=1.04  mpc=0.0000
  step=   50,176  pi_reward=  122.1  MPPI=   91.1  sps=215
    diag pi:   full=0.00 stand=1.00  falls=0.0  ttf=1000.0
    diag mppi: full=0.00 stand=0.89  falls=1.8  ttf=1000.0
  es=   51,200  sps=218  loss=0.1867  scale=1.06  mpc=0.0000
  es=   56,320  sps=230  loss=0.3790  scale=1.00  mpc=0.0000
  es=   61,440  sps=242  loss=0.5615  scale=1.22  mpc=0.0000
  es=   66,560  sps=253  loss=0.7633  scale=2.07  mpc=0.0000
  es=   71,680  sps=263  loss=0.7364  scale=2.06  mpc=0.0000
  es=   76,800  sps=273  loss=0.6350  scale=2.39  mpc=0.0000
  es=   81,920  sps=282  loss=0.6590  scale=3.37  mpc=0.0000
  es=   87,040  sps=290  loss=0.5056  scale=2.09  mpc=0.0000
  es=   92,160  sps=298  loss=0.6929  scale=2.12  mpc=0.0000
  es=   97,280  sps=305  loss=0.8768  scale=4.00  mpc=0.0000
  step=  100,096  pi_reward=  155.1  MPPI=  137.2  sps=267
    diag pi:   full=0.00 stand=0.65  falls=1.0  ttf=1000.0
    diag mppi: full=0.00 stand=0.84  falls=8.0  ttf=1000.0
  es=  102,400  sps=270  loss=0.9802  scale=3.99  mpc=0.0000
  es=  107,520  sps=276  loss=0.9518  scale=4.00  mpc=0.0000
  es=  112,640  sps=283  loss=0.8900  scale=4.00  mpc=0.0000
  es=  117,760  sps=289  loss=0.8109  scale=4.00  mpc=0.0000
  es=  122,880  sps=295  loss=0.7731  scale=4.00  mpc=0.0000
  es=  128,000  sps=300  loss=0.8526  scale=4.00  mpc=0.0000
  es=  133,120  sps=306  loss=0.7934  scale=4.00  mpc=0.0000
  es=  138,240  sps=311  loss=0.8392  scale=4.00  mpc=0.0000
  es=  143,360  sps=316  loss=0.8647  scale=4.00  mpc=0.0000
  es=  148,480  sps=320  loss=0.8383  scale=4.00  mpc=0.0000
  step=  150,016  pi_reward=  362.1  MPPI=  293.6  sps=290
    diag pi:   full=0.00 stand=1.00  falls=0.0  ttf=1000.0
    diag mppi: full=0.00 stand=0.97  falls=1.0  ttf=1000.0
  es=  153,600  sps=293  loss=0.8595  scale=4.00  mpc=0.0000
  es=  158,720  sps=298  loss=0.8099  scale=4.00  mpc=0.0000
  es=  163,840  sps=302  loss=0.8406  scale=4.00  mpc=0.0000
  es=  168,960  sps=306  loss=0.8105  scale=4.00  mpc=0.0000
  es=  174,080  sps=310  loss=0.7422  scale=4.00  mpc=0.0000
  es=  179,200  sps=314  loss=0.7165  scale=4.00  mpc=0.0000
  es=  184,320  sps=318  loss=0.5506  scale=4.00  mpc=0.0000
  es=  189,440  sps=321  loss=0.7077  scale=4.00  mpc=0.0000
  es=  194,560  sps=325  loss=0.6543  scale=4.00  mpc=0.0000
  es=  199,680  sps=328  loss=0.6185  scale=4.00  mpc=0.0000
  step=  200,192  pi_reward=  358.8  MPPI=   10.4  sps=303  pi>>MPPI
    diag pi:   full=0.05 stand=0.95  falls=0.6  ttf=557.0
    diag mppi: full=0.00 stand=0.49  falls=56.8  ttf=1000.0
  es=  204,800  sps=306  loss=0.6201  scale=4.00  mpc=0.0000
  es=  209,920  sps=310  loss=0.6678  scale=4.00  mpc=0.0000
  es=  215,040  sps=313  loss=0.6542  scale=4.00  mpc=0.0000
  es=  220,160  sps=316  loss=0.5957  scale=4.00  mpc=0.0000
  es=  225,280  sps=319  loss=0.5543  scale=4.00  mpc=0.0000
  es=  230,400  sps=322  loss=0.6147  scale=4.00  mpc=0.0000
  es=  235,520  sps=325  loss=0.6301  scale=4.00  mpc=0.0000
  es=  240,640  sps=328  loss=0.5952  scale=4.00  mpc=0.0000
  es=  245,760  sps=330  loss=0.6456  scale=4.00  mpc=0.0000
  step=  250,112  pi_reward=  487.7  MPPI=  475.1  sps=312
    diag pi:   full=0.65 stand=0.95  falls=0.6  ttf=100.4
    diag mppi: full=0.55 stand=1.00  falls=0.0  ttf=94.0
  es=  250,880  sps=312  loss=0.5831  scale=4.00  mpc=0.0000
  es=  256,000  sps=315  loss=0.5781  scale=4.00  mpc=0.0000
  es=  261,120  sps=317  loss=0.5236  scale=4.00  mpc=0.0000
  es=  266,240  sps=320  loss=0.6040  scale=4.00  mpc=0.0000
  es=  271,360  sps=323  loss=0.5347  scale=4.00  mpc=0.0000
  es=  276,480  sps=325  loss=0.5399  scale=4.00  mpc=0.0000
  es=  281,600  sps=327  loss=0.4737  scale=4.00  mpc=0.0000
  es=  286,720  sps=330  loss=0.5336  scale=4.00  mpc=0.0000
  es=  291,840  sps=332  loss=0.5275  scale=4.00  mpc=0.0000
  es=  296,960  sps=334  loss=0.4548  scale=4.00  mpc=0.0000
  step=  300,032  pi_reward=  536.7  MPPI=  564.1  sps=318
    diag pi:   full=0.82 stand=1.00  falls=0.0  ttf=90.2
    diag mppi: full=0.87 stand=1.00  falls=0.0  ttf=72.2
  es=  302,080  sps=318  loss=0.4241  scale=4.00  mpc=0.0000
  es=  307,200  sps=321  loss=0.3963  scale=4.00  mpc=0.0000
  es=  312,320  sps=323  loss=0.3762  scale=4.00  mpc=0.0000
  es=  317,440  sps=325  loss=0.4273  scale=4.00  mpc=0.0000
  es=  322,560  sps=327  loss=0.3850  scale=4.00  mpc=0.0000
  es=  327,680  sps=329  loss=0.2485  scale=4.00  mpc=0.0000
  es=  332,800  sps=331  loss=0.1826  scale=4.00  mpc=0.0000
  es=  337,920  sps=333  loss=0.3250  scale=4.00  mpc=0.0000
  es=  343,040  sps=335  loss=0.2455  scale=4.00  mpc=0.0000
  es=  348,160  sps=337  loss=0.2221  scale=4.00  mpc=0.0000
  step=  350,208  pi_reward=    0.2  MPPI=   29.9  sps=322
    diag pi:   full=0.00 stand=0.00  falls=1.0  ttf=1000.0
    diag mppi: full=0.00 stand=0.70  falls=28.2  ttf=1000.0
  es=  353,280  sps=323  loss=0.2964  scale=4.00  mpc=0.0000
  es=  358,400  sps=325  loss=0.3071  scale=4.00  mpc=0.0000
  es=  363,520  sps=327  loss=0.3327  scale=4.00  mpc=0.0000
  es=  368,640  sps=329  loss=0.1513  scale=4.00  mpc=0.0000
  es=  373,760  sps=331  loss=0.3066  scale=4.00  mpc=0.0000
  es=  378,880  sps=332  loss=0.2296  scale=4.00  mpc=0.0000
  es=  384,000  sps=334  loss=0.2646  scale=4.00  mpc=0.0000
  es=  389,120  sps=336  loss=0.2813  scale=4.00  mpc=0.0000
  es=  394,240  sps=338  loss=0.3158  scale=4.00  mpc=0.0000
  es=  399,360  sps=339  loss=0.2946  scale=4.00  mpc=0.0000
  step=  400,128  pi_reward=  619.9  MPPI=  617.3  sps=326
    diag pi:   full=0.93 stand=1.00  falls=0.0  ttf=68.0
    diag mppi: full=0.93 stand=1.00  falls=0.0  ttf=68.8
  es=  404,480  sps=327  loss=0.3244  scale=4.00  mpc=0.0000
  es=  409,600  sps=329  loss=0.3406  scale=4.00  mpc=0.0000
  es=  414,720  sps=330  loss=0.3354  scale=4.00  mpc=0.0000
  es=  419,840  sps=332  loss=0.3307  scale=4.00  mpc=0.0000
  es=  424,960  sps=334  loss=0.3243  scale=4.00  mpc=0.0000
  es=  430,080  sps=335  loss=0.2986  scale=4.00  mpc=0.0000
  es=  435,200  sps=337  loss=0.2940  scale=4.00  mpc=0.0000
  es=  440,320  sps=338  loss=0.3388  scale=4.00  mpc=0.0000
  es=  445,440  sps=340  loss=0.3372  scale=4.00  mpc=0.0000
  step=  450,048  pi_reward=  672.4  MPPI=  698.9  sps=329
    diag pi:   full=0.93 stand=1.00  falls=0.0  ttf=66.2
    diag mppi: full=0.94 stand=1.00  falls=0.0  ttf=60.8
  es=  450,560  sps=329  loss=0.3197  scale=4.00  mpc=0.0000
  es=  455,680  sps=330  loss=0.3159  scale=4.00  mpc=0.0000
  es=  460,800  sps=332  loss=0.3224  scale=4.00  mpc=0.0000
  es=  465,920  sps=333  loss=0.3144  scale=4.00  mpc=0.0000
  es=  471,040  sps=334  loss=0.3081  scale=4.00  mpc=0.0000
  es=  476,160  sps=336  loss=0.3164  scale=4.00  mpc=0.0000
  es=  481,280  sps=337  loss=0.2979  scale=4.00  mpc=0.0000
  es=  486,400  sps=339  loss=0.2848  scale=4.00  mpc=0.0000
  es=  491,520  sps=340  loss=0.3112  scale=4.00  mpc=0.0000
  es=  496,640  sps=341  loss=0.2589  scale=4.00  mpc=0.0000
  step=  500,224  pi_reward=  723.0  MPPI=  738.6  sps=331
    diag pi:   full=0.94 stand=1.00  falls=0.0  ttf=60.6
    diag mppi: full=0.93 stand=1.00  falls=0.0  ttf=69.8
  TD-MPC2 CheetahRun done in 1512s

============================================================
All runs completed in 27.4 min
CSVs saved to: /root/helios-rl/exp/benchmark
[paperA_disc_cleanNB] === CheetahRun seed=1 done rc=0 2026-06-17T17:34:15Z ===
[paperA_disc_cleanNB] all done status=0 at 2026-06-17T17:34:15Z
