[paperA_disc_cleanB] start 2026-06-17T15:51:59Z algo=tdmpc2 task=CheetahRun seeds=0 sha=paperA tag=paperA_cleanB_s0
[paperA_disc_cleanB] === CheetahRun seed=0 start 2026-06-17T15:51:59Z ===

Benchmark: ['tdmpc2'] × ['CheetahRun']
Steps: 500,000  Seed: 0
Output: /root/helios-rl/exp/benchmark


============================================================
  TD-MPC2 | CheetahRun | seed=0 | steps=500,000
============================================================
  K_UPDATE override: 128 gradient updates per batch (default 64)
  MPPI n_samples override: NS=2048 (DEFAULTS['NS']=512)
  obs=17  act=6
  Warming up JIT (may take 30-90s)...
  JIT compiled in 27.3s
  es=    5,120  sps=109  loss=0.7996  scale=1.00  mpc=0.0000
  es=   10,240  sps=182  loss=0.7564  scale=1.00  mpc=0.0000
  es=   15,360  sps=234  loss=0.6886  scale=1.00  mpc=0.0000
  es=   20,480  sps=274  loss=0.0957  scale=1.00  mpc=0.0000
  es=   25,600  sps=300  loss=0.6443  scale=1.00  mpc=0.0000
  es=   30,720  sps=325  loss=0.5655  scale=1.00  mpc=0.0000
  es=   35,840  sps=345  loss=0.6806  scale=1.00  mpc=0.0000
  es=   40,960  sps=359  loss=0.4358  scale=1.10  mpc=0.0000
  es=   46,080  sps=374  loss=0.5188  scale=1.00  mpc=0.0000
  step=   50,176  pi_reward=    0.2  MPPI=   67.1  sps=213
    diag pi:   full=0.00 stand=0.01  falls=1.0  ttf=1000.0
    diag mppi: full=0.00 stand=0.48  falls=6.8  ttf=1000.0
  es=   51,200  sps=215  loss=0.2746  scale=1.00  mpc=0.0000
  es=   56,320  sps=228  loss=0.2426  scale=1.00  mpc=0.0000
  es=   61,440  sps=240  loss=0.3618  scale=1.01  mpc=0.0000
  es=   66,560  sps=251  loss=0.4782  scale=1.00  mpc=0.0000
  es=   71,680  sps=261  loss=0.3590  scale=1.00  mpc=0.0000
  es=   76,800  sps=270  loss=0.5015  scale=1.01  mpc=0.0000
  es=   81,920  sps=279  loss=0.5669  scale=1.11  mpc=0.0000
  es=   87,040  sps=287  loss=0.6621  scale=1.01  mpc=0.0000
  es=   92,160  sps=295  loss=0.7134  scale=1.00  mpc=0.0000
  es=   97,280  sps=302  loss=0.4427  scale=1.00  mpc=0.0000
  step=  100,096  pi_reward=    0.2  MPPI=   67.8  sps=265
    diag pi:   full=0.00 stand=0.01  falls=0.8  ttf=1000.0
    diag mppi: full=0.00 stand=0.86  falls=16.8  ttf=1000.0
  es=  102,400  sps=268  loss=0.5305  scale=1.00  mpc=0.0000
  es=  107,520  sps=275  loss=0.6390  scale=1.16  mpc=0.0000
  es=  112,640  sps=282  loss=0.5744  scale=1.24  mpc=0.0000
  es=  117,760  sps=288  loss=0.6609  scale=1.00  mpc=0.0000
  es=  122,880  sps=293  loss=0.6415  scale=1.02  mpc=0.0000
  es=  128,000  sps=299  loss=0.6616  scale=1.09  mpc=0.0000
  es=  133,120  sps=304  loss=0.5592  scale=1.03  mpc=0.0000
  es=  138,240  sps=309  loss=0.6647  scale=1.04  mpc=0.0000
  es=  143,360  sps=314  loss=0.6868  scale=1.44  mpc=0.0000
  es=  148,480  sps=319  loss=0.1781  scale=1.00  mpc=0.0000
  step=  150,016  pi_reward=    2.0  MPPI=   49.1  sps=290
    diag pi:   full=0.00 stand=0.04  falls=1.8  ttf=1000.0
    diag mppi: full=0.00 stand=0.81  falls=5.6  ttf=1000.0
  es=  153,600  sps=293  loss=0.5721  scale=2.92  mpc=0.0000
  es=  158,720  sps=297  loss=0.3289  scale=1.50  mpc=0.0000
  es=  163,840  sps=301  loss=0.5787  scale=2.99  mpc=0.0000
  es=  168,960  sps=306  loss=0.5674  scale=2.94  mpc=0.0000
  es=  174,080  sps=310  loss=0.6786  scale=3.37  mpc=0.0000
  es=  179,200  sps=313  loss=0.7131  scale=2.65  mpc=0.0000
  es=  184,320  sps=317  loss=0.6721  scale=3.63  mpc=0.0000
  es=  189,440  sps=321  loss=0.5558  scale=2.12  mpc=0.0000
  es=  194,560  sps=324  loss=0.6055  scale=3.05  mpc=0.0000
  es=  199,680  sps=328  loss=0.6423  scale=2.43  mpc=0.0000
  step=  200,192  pi_reward=  104.1  MPPI=   21.2  sps=303
    diag pi:   full=0.00 stand=0.92  falls=6.6  ttf=1000.0
    diag mppi: full=0.00 stand=0.42  falls=24.8  ttf=1000.0
  es=  204,800  sps=306  loss=0.6203  scale=3.03  mpc=0.0000
  es=  209,920  sps=309  loss=0.6803  scale=1.93  mpc=0.0000
  es=  215,040  sps=312  loss=0.5851  scale=3.97  mpc=0.0000
  es=  220,160  sps=315  loss=0.7643  scale=4.00  mpc=0.0000
  es=  225,280  sps=318  loss=0.7336  scale=4.00  mpc=0.0000
  es=  230,400  sps=321  loss=0.5806  scale=2.41  mpc=0.0000
  es=  235,520  sps=324  loss=0.5269  scale=2.60  mpc=0.0000
  es=  240,640  sps=327  loss=0.2823  scale=1.00  mpc=0.0000
  es=  245,760  sps=330  loss=0.3786  scale=1.08  mpc=0.0000
  step=  250,112  pi_reward=   12.6  MPPI=   42.5  sps=311
    diag pi:   full=0.00 stand=0.16  falls=2.0  ttf=1000.0
    diag mppi: full=0.00 stand=0.62  falls=18.0  ttf=1000.0
  es=  250,880  sps=311  loss=0.6120  scale=1.83  mpc=0.0000
  es=  256,000  sps=314  loss=0.5756  scale=1.24  mpc=0.0000
  es=  261,120  sps=317  loss=0.5432  scale=1.93  mpc=0.0000
  es=  266,240  sps=319  loss=0.6849  scale=2.82  mpc=0.0000
  es=  271,360  sps=322  loss=0.6310  scale=1.44  mpc=0.0000
  es=  276,480  sps=324  loss=0.3984  scale=1.45  mpc=0.0000
  es=  281,600  sps=327  loss=0.5570  scale=1.79  mpc=0.0000
  es=  286,720  sps=329  loss=0.8171  scale=3.92  mpc=0.0000
  es=  291,840  sps=331  loss=0.7251  scale=3.02  mpc=0.0000
  es=  296,960  sps=333  loss=0.7255  scale=3.22  mpc=0.0000
  step=  300,032  pi_reward=  121.8  MPPI=   79.6  sps=317
    diag pi:   full=0.00 stand=0.93  falls=2.4  ttf=1000.0
    diag mppi: full=0.00 stand=0.93  falls=8.2  ttf=1000.0
  es=  302,080  sps=317  loss=0.7036  scale=3.04  mpc=0.0000
  es=  307,200  sps=320  loss=0.6986  scale=1.97  mpc=0.0000
  es=  312,320  sps=322  loss=0.3672  scale=1.49  mpc=0.0000
  es=  317,440  sps=324  loss=0.6360  scale=2.57  mpc=0.0000
  es=  322,560  sps=326  loss=0.6696  scale=2.96  mpc=0.0000
  es=  327,680  sps=328  loss=0.6394  scale=2.34  mpc=0.0000
  es=  332,800  sps=330  loss=0.7211  scale=1.97  mpc=0.0000
  es=  337,920  sps=332  loss=0.7172  scale=2.47  mpc=0.0000
  es=  343,040  sps=334  loss=0.7326  scale=3.56  mpc=0.0000
  es=  348,160  sps=336  loss=0.6525  scale=2.55  mpc=0.0000
  step=  350,208  pi_reward=    0.1  MPPI=   77.1  sps=321
    diag pi:   full=0.00 stand=0.00  falls=0.6  ttf=1000.0
    diag mppi: full=0.00 stand=0.67  falls=1.2  ttf=1000.0
  es=  353,280  sps=322  loss=0.7230  scale=2.16  mpc=0.0000
  es=  358,400  sps=324  loss=0.7098  scale=3.61  mpc=0.0000
  es=  363,520  sps=326  loss=0.7866  scale=2.88  mpc=0.0000
  es=  368,640  sps=328  loss=0.7057  scale=2.09  mpc=0.0000
  es=  373,760  sps=330  loss=0.7669  scale=3.11  mpc=0.0000
  es=  378,880  sps=331  loss=0.6525  scale=2.89  mpc=0.0000
  es=  384,000  sps=333  loss=0.7481  scale=3.03  mpc=0.0000
  es=  389,120  sps=335  loss=0.7830  scale=3.19  mpc=0.0000
  es=  394,240  sps=336  loss=0.6283  scale=2.63  mpc=0.0000
  es=  399,360  sps=338  loss=0.6743  scale=2.60  mpc=0.0000
  step=  400,128  pi_reward=    1.2  MPPI=   42.5  sps=325
    diag pi:   full=0.00 stand=0.02  falls=1.0  ttf=1000.0
    diag mppi: full=0.00 stand=0.62  falls=16.4  ttf=1000.0
  es=  404,480  sps=326  loss=0.7318  scale=2.64  mpc=0.0000
  es=  409,600  sps=328  loss=0.7583  scale=2.76  mpc=0.0000
  es=  414,720  sps=329  loss=0.6852  scale=2.95  mpc=0.0000
  es=  419,840  sps=331  loss=0.6994  scale=2.75  mpc=0.0000
  es=  424,960  sps=332  loss=0.6826  scale=2.53  mpc=0.0000
  es=  430,080  sps=334  loss=0.6548  scale=2.48  mpc=0.0000
  es=  435,200  sps=336  loss=0.6391  scale=2.25  mpc=0.0000
  es=  440,320  sps=337  loss=0.6528  scale=2.47  mpc=0.0000
  es=  445,440  sps=339  loss=0.7322  scale=2.59  mpc=0.0000
  step=  450,048  pi_reward=    1.3  MPPI=   32.7  sps=328
    diag pi:   full=0.00 stand=0.02  falls=1.6  ttf=1000.0
    diag mppi: full=0.00 stand=0.42  falls=9.8  ttf=1000.0
  es=  450,560  sps=328  loss=0.6587  scale=2.62  mpc=0.0000
  es=  455,680  sps=329  loss=0.7229  scale=2.64  mpc=0.0000
  es=  460,800  sps=331  loss=0.7861  scale=2.59  mpc=0.0000
  es=  465,920  sps=332  loss=0.6741  scale=2.61  mpc=0.0000
  es=  471,040  sps=333  loss=0.7248  scale=3.04  mpc=0.0000
  es=  476,160  sps=335  loss=0.6728  scale=2.62  mpc=0.0000
  es=  481,280  sps=336  loss=0.7299  scale=2.64  mpc=0.0000
  es=  486,400  sps=337  loss=0.7532  scale=2.68  mpc=0.0000
  es=  491,520  sps=339  loss=0.8435  scale=2.73  mpc=0.0000
  es=  496,640  sps=340  loss=0.8332  scale=3.86  mpc=0.0000
  step=  500,224  pi_reward=    2.3  MPPI=   62.6  sps=330
    diag pi:   full=0.00 stand=0.05  falls=2.0  ttf=1000.0
    diag mppi: full=0.00 stand=0.72  falls=17.8  ttf=1000.0
  TD-MPC2 CheetahRun done in 1517s

============================================================
All runs completed in 27.4 min
CSVs saved to: /root/helios-rl/exp/benchmark
[paperA_disc_cleanB] === CheetahRun seed=0 done rc=0 2026-06-17T16:19:30Z ===
[paperA_disc_cleanB] all done status=0 at 2026-06-17T16:19:30Z
