[paperA_disc_distB] start 2026-06-17T18:38:18Z algo=tdmpc2 task=CheetahRun seeds=2 sha=paperA tag=paperA_distB_s2
[paperA_disc_distB] === CheetahRun seed=2 start 2026-06-17T18:38:18Z ===

Benchmark: ['tdmpc2'] × ['CheetahRun']
Steps: 500,000  Seed: 2
Output: /root/helios-rl/exp/benchmark


============================================================
  TD-MPC2 | CheetahRun | seed=2 | steps=500,000
============================================================
  K_UPDATE override: 128 gradient updates per batch (default 64)
  MPPI n_samples override: NS=2048 (DEFAULTS['NS']=512)
  DISTRACTORS: +32 OU nuisance obs dims (scale=1.0, rho=0.95)
  obs=49  act=6
  Warming up JIT (may take 30-90s)...
  JIT compiled in 25.4s
  es=    5,120  sps=109  loss=0.6471  scale=1.00  mpc=0.0000
  es=   10,240  sps=183  loss=0.6691  scale=1.00  mpc=0.0000
  es=   15,360  sps=219  loss=0.6683  scale=1.00  mpc=0.0000
  es=   20,480  sps=258  loss=0.5254  scale=1.00  mpc=0.0000
  es=   25,600  sps=284  loss=0.7275  scale=1.00  mpc=0.0000
  es=   30,720  sps=309  loss=0.6953  scale=1.00  mpc=0.0000
  es=   35,840  sps=330  loss=0.6517  scale=1.47  mpc=0.0000
  es=   40,960  sps=348  loss=0.6950  scale=2.09  mpc=0.0000
  es=   46,080  sps=363  loss=0.5992  scale=1.87  mpc=0.0000
  step=   50,176  pi_reward=    4.2  MPPI=   92.2  sps=211
    diag pi:   full=0.00 stand=0.06  falls=1.6  ttf=1000.0
    diag mppi: full=0.00 stand=0.79  falls=15.6  ttf=1000.0
  es=   51,200  sps=213  loss=0.6137  scale=2.21  mpc=0.0000
  es=   56,320  sps=226  loss=0.6012  scale=2.66  mpc=0.0000
  es=   61,440  sps=237  loss=0.7075  scale=2.87  mpc=0.0000
  es=   66,560  sps=248  loss=0.6421  scale=1.00  mpc=0.0000
  es=   71,680  sps=258  loss=0.5403  scale=1.00  mpc=0.0000
  es=   76,800  sps=267  loss=0.6973  scale=1.24  mpc=0.0000
  es=   81,920  sps=276  loss=0.5831  scale=1.84  mpc=0.0000
  es=   87,040  sps=284  loss=0.5082  scale=2.10  mpc=0.0000
  es=   92,160  sps=292  loss=0.5991  scale=2.28  mpc=0.0000
  es=   97,280  sps=299  loss=0.6239  scale=2.91  mpc=0.0000
  step=  100,096  pi_reward=    2.5  MPPI=   48.2  sps=263
    diag pi:   full=0.00 stand=0.04  falls=1.8  ttf=1000.0
    diag mppi: full=0.00 stand=0.66  falls=17.2  ttf=1000.0
  es=  102,400  sps=266  loss=0.6919  scale=1.19  mpc=0.0000
  es=  107,520  sps=273  loss=0.7014  scale=2.43  mpc=0.0000
  es=  112,640  sps=279  loss=0.7454  scale=2.24  mpc=0.0000
  es=  117,760  sps=285  loss=0.6904  scale=2.14  mpc=0.0000
  es=  122,880  sps=291  loss=0.6811  scale=3.01  mpc=0.0000
  es=  128,000  sps=296  loss=0.7564  scale=2.50  mpc=0.0000
  es=  133,120  sps=301  loss=0.8484  scale=2.89  mpc=0.0000
  es=  138,240  sps=306  loss=0.7479  scale=2.83  mpc=0.0000
  es=  143,360  sps=311  loss=0.8644  scale=3.83  mpc=0.0000
  es=  148,480  sps=316  loss=0.5241  scale=2.56  mpc=0.0000
  step=  150,016  pi_reward=    0.6  MPPI=   57.0  sps=287
    diag pi:   full=0.00 stand=0.02  falls=1.0  ttf=1000.0
    diag mppi: full=0.00 stand=0.89  falls=16.2  ttf=1000.0
  es=  153,600  sps=290  loss=0.7983  scale=3.31  mpc=0.0000
  es=  158,720  sps=294  loss=0.8321  scale=3.71  mpc=0.0000
  es=  163,840  sps=298  loss=0.7331  scale=2.92  mpc=0.0000
  es=  168,960  sps=303  loss=0.6754  scale=2.36  mpc=0.0000
  es=  174,080  sps=307  loss=0.7558  scale=3.02  mpc=0.0000
  es=  179,200  sps=310  loss=0.6525  scale=2.56  mpc=0.0000
  es=  184,320  sps=314  loss=0.5733  scale=2.08  mpc=0.0000
  es=  189,440  sps=318  loss=0.7299  scale=2.18  mpc=0.0000
  es=  194,560  sps=321  loss=0.7196  scale=2.25  mpc=0.0000
  es=  199,680  sps=325  loss=0.7184  scale=2.18  mpc=0.0000
  step=  200,192  pi_reward=   83.2  MPPI=   75.5  sps=300
    diag pi:   full=0.00 stand=0.96  falls=3.6  ttf=1000.0
    diag mppi: full=0.00 stand=0.94  falls=10.6  ttf=1000.0
  es=  204,800  sps=303  loss=0.7280  scale=2.27  mpc=0.0000
  es=  209,920  sps=307  loss=0.7438  scale=2.33  mpc=0.0000
  es=  215,040  sps=310  loss=0.7086  scale=2.66  mpc=0.0000
  es=  220,160  sps=313  loss=0.7075  scale=2.39  mpc=0.0000
  es=  225,280  sps=316  loss=0.7226  scale=2.72  mpc=0.0000
  es=  230,400  sps=319  loss=0.8009  scale=3.26  mpc=0.0000
  es=  235,520  sps=322  loss=0.6896  scale=3.25  mpc=0.0000
  es=  240,640  sps=325  loss=0.7181  scale=3.23  mpc=0.0000
  es=  245,760  sps=327  loss=0.7023  scale=3.63  mpc=0.0000
  step=  250,112  pi_reward=   85.1  MPPI=   83.7  sps=309
    diag pi:   full=0.00 stand=0.77  falls=5.6  ttf=1000.0
    diag mppi: full=0.00 stand=0.88  falls=7.2  ttf=1000.0
  es=  250,880  sps=309  loss=0.7232  scale=3.82  mpc=0.0000
  es=  256,000  sps=312  loss=0.6855  scale=3.84  mpc=0.0000
  es=  261,120  sps=315  loss=0.7271  scale=3.00  mpc=0.0000
  es=  266,240  sps=317  loss=0.5131  scale=1.43  mpc=0.0000
  es=  271,360  sps=320  loss=0.7725  scale=3.17  mpc=0.0000
  es=  276,480  sps=322  loss=0.8073  scale=3.79  mpc=0.0000
  es=  281,600  sps=325  loss=0.8706  scale=4.00  mpc=0.0000
  es=  286,720  sps=327  loss=0.7867  scale=4.00  mpc=0.0000
  es=  291,840  sps=329  loss=0.7967  scale=3.50  mpc=0.0000
  es=  296,960  sps=332  loss=0.7536  scale=3.73  mpc=0.0000
  step=  300,032  pi_reward=   77.4  MPPI=   76.2  sps=315
    diag pi:   full=0.00 stand=0.93  falls=13.8  ttf=1000.0
    diag mppi: full=0.00 stand=0.76  falls=12.2  ttf=1000.0
  es=  302,080  sps=316  loss=0.7428  scale=4.00  mpc=0.0000
  es=  307,200  sps=318  loss=0.6833  scale=3.80  mpc=0.0000
  es=  312,320  sps=320  loss=0.7022  scale=3.51  mpc=0.0000
  es=  317,440  sps=323  loss=0.6992  scale=3.64  mpc=0.0000
  es=  322,560  sps=325  loss=0.8155  scale=3.73  mpc=0.0000
  es=  327,680  sps=327  loss=0.8115  scale=3.73  mpc=0.0000
  es=  332,800  sps=329  loss=0.7015  scale=3.37  mpc=0.0000
  es=  337,920  sps=331  loss=0.7484  scale=3.60  mpc=0.0000
  es=  343,040  sps=333  loss=0.7259  scale=3.34  mpc=0.0000
  es=  348,160  sps=334  loss=0.7819  scale=3.59  mpc=0.0000
  step=  350,208  pi_reward=   87.8  MPPI=   80.5  sps=320
    diag pi:   full=0.00 stand=0.80  falls=11.2  ttf=1000.0
    diag mppi: full=0.00 stand=0.82  falls=12.4  ttf=1000.0
  es=  353,280  sps=321  loss=0.8009  scale=3.66  mpc=0.0000
  es=  358,400  sps=323  loss=0.7519  scale=3.33  mpc=0.0000
  es=  363,520  sps=325  loss=0.8264  scale=3.55  mpc=0.0000
  es=  368,640  sps=326  loss=0.8442  scale=3.46  mpc=0.0000
  es=  373,760  sps=328  loss=0.8619  scale=3.39  mpc=0.0000
  es=  378,880  sps=330  loss=0.7557  scale=3.23  mpc=0.0000
  es=  384,000  sps=332  loss=0.8378  scale=3.57  mpc=0.0000
  es=  389,120  sps=333  loss=0.8678  scale=3.74  mpc=0.0000
  es=  394,240  sps=335  loss=0.9026  scale=3.81  mpc=0.0000
  es=  399,360  sps=337  loss=0.8817  scale=3.96  mpc=0.0000
  step=  400,128  pi_reward=   88.1  MPPI=   53.5  sps=323
    diag pi:   full=0.00 stand=0.76  falls=9.6  ttf=1000.0
    diag mppi: full=0.00 stand=0.56  falls=24.0  ttf=1000.0
  es=  404,480  sps=325  loss=0.8568  scale=3.72  mpc=0.0000
  es=  409,600  sps=326  loss=0.8962  scale=3.62  mpc=0.0000
  es=  414,720  sps=328  loss=0.9187  scale=3.71  mpc=0.0000
  es=  419,840  sps=329  loss=0.8889  scale=3.43  mpc=0.0000
  es=  424,960  sps=331  loss=0.8734  scale=3.54  mpc=0.0000
  es=  430,080  sps=332  loss=0.8755  scale=3.41  mpc=0.0000
  es=  435,200  sps=334  loss=0.8487  scale=3.60  mpc=0.0000
  es=  440,320  sps=335  loss=0.8576  scale=3.32  mpc=0.0000
  es=  445,440  sps=337  loss=0.8316  scale=3.91  mpc=0.0000
  step=  450,048  pi_reward=   92.4  MPPI=  100.4  sps=326
    diag pi:   full=0.00 stand=0.77  falls=6.4  ttf=1000.0
    diag mppi: full=0.00 stand=0.84  falls=5.4  ttf=1000.0
  es=  450,560  sps=326  loss=0.8323  scale=3.81  mpc=0.0000
  es=  455,680  sps=327  loss=0.8392  scale=3.91  mpc=0.0000
  es=  460,800  sps=329  loss=0.8707  scale=3.74  mpc=0.0000
  es=  465,920  sps=330  loss=0.8428  scale=3.51  mpc=0.0000
  es=  471,040  sps=332  loss=0.8385  scale=3.99  mpc=0.0000
  es=  476,160  sps=333  loss=0.8284  scale=3.62  mpc=0.0000
  es=  481,280  sps=334  loss=0.8172  scale=3.82  mpc=0.0000
  es=  486,400  sps=336  loss=0.8419  scale=4.00  mpc=0.0000
  es=  491,520  sps=337  loss=0.8869  scale=4.00  mpc=0.0000
  es=  496,640  sps=338  loss=0.8028  scale=4.00  mpc=0.0000
  step=  500,224  pi_reward=   43.0  MPPI=  138.5  sps=328
    diag pi:   full=0.00 stand=0.66  falls=19.4  ttf=1000.0
    diag mppi: full=0.00 stand=0.96  falls=2.0  ttf=1000.0
  TD-MPC2 CheetahRun done in 1526s

============================================================
All runs completed in 27.5 min
CSVs saved to: /root/helios-rl/exp/benchmark
[paperA_disc_distB] === CheetahRun seed=2 done rc=0 2026-06-17T19:05:54Z ===
[paperA_disc_distB] all done status=0 at 2026-06-17T19:05:54Z
