[paperA_disc_cleanNB] start 2026-06-17T15:50:08Z algo=tdmpc2 task=CheetahRun seeds=0 sha=paperA tag=paperA_disc_cleanNB_CheetahRun_paperA
[paperA_disc_cleanNB] === CheetahRun seed=0 start 2026-06-17T15:50:08Z ===

Benchmark: ['tdmpc2'] × ['CheetahRun']
Steps: 500,000  Seed: 0
Output: /root/helios-rl/exp/benchmark


============================================================
  TD-MPC2 | CheetahRun | seed=0 | steps=500,000
============================================================
  K_UPDATE override: 128 gradient updates per batch (default 64)
  MPPI n_samples override: NS=2048 (DEFAULTS['NS']=512)
  obs=17  act=6
  Warming up JIT (may take 30-90s)...
  JIT compiled in 28.0s
  es=    5,120  sps=95  loss=0.7191  scale=1.00  mpc=0.0000
  es=   10,240  sps=158  loss=0.8102  scale=1.00  mpc=0.0000
  es=   15,360  sps=204  loss=0.3172  scale=1.00  mpc=0.0000
  es=   20,480  sps=239  loss=0.6827  scale=1.00  mpc=0.0000
  es=   25,600  sps=250  loss=0.2527  scale=1.00  mpc=0.0000
  es=   30,720  sps=272  loss=0.6175  scale=1.00  mpc=0.0000
  es=   35,840  sps=290  loss=0.3903  scale=1.16  mpc=0.0000
  es=   40,960  sps=305  loss=0.6217  scale=1.13  mpc=0.0000
  es=   46,080  sps=314  loss=0.5421  scale=1.34  mpc=0.0000
  step=   50,176  pi_reward=  119.4  MPPI=  147.9  sps=188
    diag pi:   full=0.00 stand=1.00  falls=0.4  ttf=1000.0
    diag mppi: full=0.00 stand=0.99  falls=0.2  ttf=1000.0
  es=   51,200  sps=191  loss=0.3221  scale=1.50  mpc=0.0000
  es=   56,320  sps=203  loss=0.5997  scale=1.33  mpc=0.0000
  es=   61,440  sps=214  loss=0.6756  scale=1.64  mpc=0.0000
  es=   66,560  sps=224  loss=0.7316  scale=1.91  mpc=0.0000
  es=   71,680  sps=233  loss=0.6912  scale=1.94  mpc=0.0000
  es=   76,800  sps=242  loss=0.6589  scale=2.26  mpc=0.0000
  es=   81,920  sps=251  loss=0.5855  scale=2.38  mpc=0.0000
  es=   87,040  sps=259  loss=0.5827  scale=2.84  mpc=0.0000
  es=   92,160  sps=266  loss=0.5581  scale=2.33  mpc=0.0000
  es=   97,280  sps=273  loss=0.8175  scale=3.28  mpc=0.0000
  step=  100,096  pi_reward=  264.1  MPPI=  273.6  sps=242
    diag pi:   full=0.00 stand=1.00  falls=0.0  ttf=1000.0
    diag mppi: full=0.00 stand=1.00  falls=0.0  ttf=1000.0
  es=  102,400  sps=245  loss=0.9422  scale=3.58  mpc=0.0000
  es=  107,520  sps=252  loss=0.9578  scale=3.62  mpc=0.0000
  es=  112,640  sps=258  loss=0.9672  scale=3.99  mpc=0.0000
  es=  117,760  sps=264  loss=0.8917  scale=4.00  mpc=0.0000
  es=  122,880  sps=269  loss=0.7705  scale=4.00  mpc=0.0000
  es=  128,000  sps=275  loss=0.7278  scale=4.00  mpc=0.0000
  es=  133,120  sps=280  loss=0.7339  scale=4.00  mpc=0.0000
  es=  138,240  sps=285  loss=0.7849  scale=4.00  mpc=0.0000
  es=  143,360  sps=290  loss=0.8381  scale=4.00  mpc=0.0000
  es=  148,480  sps=294  loss=0.8279  scale=4.00  mpc=0.0000
  step=  150,016  pi_reward=  264.3  MPPI=  367.7  sps=268  MPPI>>pi
    diag pi:   full=0.00 stand=0.79  falls=2.0  ttf=916.8
    diag mppi: full=0.00 stand=0.99  falls=0.4  ttf=921.8
  es=  153,600  sps=271  loss=0.8572  scale=4.00  mpc=0.0000
  es=  158,720  sps=276  loss=0.7802  scale=4.00  mpc=0.0000
  es=  163,840  sps=280  loss=0.7420  scale=4.00  mpc=0.0000
  es=  168,960  sps=284  loss=0.6552  scale=4.00  mpc=0.0000
  es=  174,080  sps=288  loss=0.6970  scale=4.00  mpc=0.0000
  es=  179,200  sps=292  loss=0.6067  scale=4.00  mpc=0.0000
  es=  184,320  sps=295  loss=0.6484  scale=4.00  mpc=0.0000
  es=  189,440  sps=299  loss=0.6584  scale=4.00  mpc=0.0000
  es=  194,560  sps=302  loss=0.7355  scale=4.00  mpc=0.0000
  es=  199,680  sps=306  loss=0.6826  scale=4.00  mpc=0.0000
  step=  200,192  pi_reward=  147.8  MPPI=  163.0  sps=283
    diag pi:   full=0.00 stand=1.00  falls=0.0  ttf=1000.0
    diag mppi: full=0.00 stand=0.99  falls=0.2  ttf=1000.0
  es=  204,800  sps=286  loss=0.6441  scale=4.00  mpc=0.0000
  es=  209,920  sps=289  loss=0.5715  scale=4.00  mpc=0.0000
  es=  215,040  sps=293  loss=0.5882  scale=4.00  mpc=0.0000
  es=  220,160  sps=296  loss=0.6096  scale=4.00  mpc=0.0000
  es=  225,280  sps=299  loss=0.6096  scale=4.00  mpc=0.0000
  es=  230,400  sps=302  loss=0.5572  scale=4.00  mpc=0.0000
  es=  235,520  sps=304  loss=0.5219  scale=4.00  mpc=0.0000
  es=  240,640  sps=307  loss=0.5264  scale=4.00  mpc=0.0000
  es=  245,760  sps=310  loss=0.5853  scale=4.00  mpc=0.0000
  step=  250,112  pi_reward=    2.6  MPPI=  126.0  sps=293  MPPI>>pi
    diag pi:   full=0.00 stand=0.03  falls=1.4  ttf=1000.0
    diag mppi: full=0.00 stand=1.00  falls=0.0  ttf=1000.0
  es=  250,880  sps=293  loss=0.5895  scale=4.00  mpc=0.0000
  es=  256,000  sps=296  loss=0.5170  scale=4.00  mpc=0.0000
  es=  261,120  sps=299  loss=0.5286  scale=4.00  mpc=0.0000
  es=  266,240  sps=301  loss=0.4920  scale=4.00  mpc=0.0000
  es=  271,360  sps=303  loss=0.4360  scale=4.00  mpc=0.0000
  es=  276,480  sps=306  loss=0.4621  scale=4.00  mpc=0.0000
  es=  281,600  sps=308  loss=0.4286  scale=4.00  mpc=0.0000
  es=  286,720  sps=311  loss=0.4008  scale=4.00  mpc=0.0000
  es=  291,840  sps=313  loss=0.3739  scale=4.00  mpc=0.0000
  es=  296,960  sps=315  loss=0.2668  scale=4.00  mpc=0.0000
  step=  300,032  pi_reward=    8.8  MPPI=  104.6  sps=300
    diag pi:   full=0.00 stand=0.18  falls=1.6  ttf=1000.0
    diag mppi: full=0.00 stand=0.57  falls=3.8  ttf=1000.0
  es=  302,080  sps=301  loss=0.3714  scale=4.00  mpc=0.0000
  es=  307,200  sps=303  loss=0.2420  scale=4.00  mpc=0.0000
  es=  312,320  sps=305  loss=0.3249  scale=4.00  mpc=0.0000
  es=  317,440  sps=307  loss=0.3192  scale=4.00  mpc=0.0000
  es=  322,560  sps=309  loss=0.3313  scale=4.00  mpc=0.0000
  es=  327,680  sps=311  loss=0.3251  scale=4.00  mpc=0.0000
  es=  332,800  sps=313  loss=0.3453  scale=4.00  mpc=0.0000
  es=  337,920  sps=315  loss=0.3124  scale=4.00  mpc=0.0000
  es=  343,040  sps=317  loss=0.3218  scale=4.00  mpc=0.0000
  es=  348,160  sps=319  loss=0.3311  scale=4.00  mpc=0.0000
  step=  350,208  pi_reward=  564.4  MPPI=  520.8  sps=305
    diag pi:   full=0.89 stand=1.00  falls=0.0  ttf=91.0
    diag mppi: full=0.66 stand=1.00  falls=0.0  ttf=88.2
  es=  353,280  sps=306  loss=0.3263  scale=4.00  mpc=0.0000
  es=  358,400  sps=308  loss=0.3369  scale=4.00  mpc=0.0000
  es=  363,520  sps=310  loss=0.3295  scale=4.00  mpc=0.0000
  es=  368,640  sps=312  loss=0.3274  scale=4.00  mpc=0.0000
  es=  373,760  sps=313  loss=0.3285  scale=4.00  mpc=0.0000
  es=  378,880  sps=315  loss=0.3401  scale=4.00  mpc=0.0000
  es=  384,000  sps=317  loss=0.3381  scale=4.00  mpc=0.0000
  es=  389,120  sps=318  loss=0.3494  scale=4.00  mpc=0.0000
  es=  394,240  sps=320  loss=0.3222  scale=4.00  mpc=0.0000
  es=  399,360  sps=322  loss=0.3466  scale=4.00  mpc=0.0000
  step=  400,128  pi_reward=  612.0  MPPI=  602.2  sps=309
    diag pi:   full=0.90 stand=1.00  falls=0.0  ttf=93.4
    diag mppi: full=0.91 stand=1.00  falls=0.0  ttf=76.2
  es=  404,480  sps=311  loss=0.3427  scale=4.00  mpc=0.0000
  es=  409,600  sps=312  loss=0.3071  scale=4.00  mpc=0.0000
  es=  414,720  sps=314  loss=0.3086  scale=4.00  mpc=0.0000
  es=  419,840  sps=315  loss=0.3281  scale=4.00  mpc=0.0000
  es=  424,960  sps=317  loss=0.2872  scale=4.00  mpc=0.0000
  es=  430,080  sps=318  loss=0.3431  scale=4.00  mpc=0.0000
  es=  435,200  sps=320  loss=0.3634  scale=4.00  mpc=0.0000
  es=  440,320  sps=321  loss=0.3651  scale=4.00  mpc=0.0000
  es=  445,440  sps=323  loss=0.3868  scale=4.00  mpc=0.0000
  step=  450,048  pi_reward=  642.8  MPPI=  361.4  sps=312  pi>>MPPI
    diag pi:   full=0.90 stand=1.00  falls=0.0  ttf=101.8
    diag mppi: full=0.44 stand=0.74  falls=2.2  ttf=76.2
  es=  450,560  sps=312  loss=0.3494  scale=4.00  mpc=0.0000
  es=  455,680  sps=314  loss=0.3568  scale=4.00  mpc=0.0000
  es=  460,800  sps=315  loss=0.3346  scale=4.00  mpc=0.0000
  es=  465,920  sps=317  loss=0.3549  scale=4.00  mpc=0.0000
  es=  471,040  sps=318  loss=0.3573  scale=4.00  mpc=0.0000
  es=  476,160  sps=319  loss=0.3415  scale=4.00  mpc=0.0000
  es=  481,280  sps=321  loss=0.3511  scale=4.00  mpc=0.0000
  es=  486,400  sps=322  loss=0.3423  scale=4.00  mpc=0.0000
  es=  491,520  sps=323  loss=0.3293  scale=4.00  mpc=0.0000
  es=  496,640  sps=325  loss=0.3657  scale=4.00  mpc=0.0000
  step=  500,224  pi_reward=  655.7  MPPI=  650.9  sps=315
    diag pi:   full=0.91 stand=1.00  falls=0.0  ttf=72.0
    diag mppi: full=0.85 stand=0.99  falls=0.2  ttf=82.4
  TD-MPC2 CheetahRun done in 1589s

============================================================
All runs completed in 28.6 min
CSVs saved to: /root/helios-rl/exp/benchmark
[paperA_disc_cleanNB] === CheetahRun seed=0 done rc=0 2026-06-17T16:18:51Z ===
[paperA_disc_cleanNB] all done status=0 at 2026-06-17T16:18:51Z
