[paperA_disc_cleanNB] start 2026-06-17T18:08:34Z algo=tdmpc2 task=CheetahRun seeds=2 sha=paperA tag=paperA_cleanNB_s2
[paperA_disc_cleanNB] === CheetahRun seed=2 start 2026-06-17T18:08:34Z ===

Benchmark: ['tdmpc2'] × ['CheetahRun']
Steps: 500,000  Seed: 2
Output: /root/helios-rl/exp/benchmark


============================================================
  TD-MPC2 | CheetahRun | seed=2 | steps=500,000
============================================================
  K_UPDATE override: 128 gradient updates per batch (default 64)
  MPPI n_samples override: NS=2048 (DEFAULTS['NS']=512)
  obs=17  act=6
  Warming up JIT (may take 30-90s)...
  JIT compiled in 26.9s
  es=    5,120  sps=111  loss=1.2697  scale=1.00  mpc=0.0000
  es=   10,240  sps=186  loss=0.4173  scale=1.00  mpc=0.0000
  es=   15,360  sps=239  loss=0.3745  scale=1.00  mpc=0.0000
  es=   20,480  sps=279  loss=0.5360  scale=1.00  mpc=0.0000
  es=   25,600  sps=304  loss=0.3065  scale=1.00  mpc=0.0000
  es=   30,720  sps=329  loss=0.5905  scale=1.00  mpc=0.0000
  es=   35,840  sps=349  loss=0.3546  scale=1.00  mpc=0.0000
  es=   40,960  sps=366  loss=0.4950  scale=1.00  mpc=0.0000
  es=   46,080  sps=377  loss=0.6051  scale=1.11  mpc=0.0000
  step=   50,176  pi_reward=  119.6  MPPI=  122.3  sps=213
    diag pi:   full=0.00 stand=0.95  falls=2.2  ttf=1000.0
    diag mppi: full=0.00 stand=1.00  falls=0.2  ttf=1000.0
  es=   51,200  sps=216  loss=0.3984  scale=1.19  mpc=0.0000
  es=   56,320  sps=228  loss=0.4185  scale=1.47  mpc=0.0000
  es=   61,440  sps=240  loss=0.4682  scale=1.21  mpc=0.0000
  es=   66,560  sps=251  loss=0.6303  scale=1.39  mpc=0.0000
  es=   71,680  sps=261  loss=0.6802  scale=1.46  mpc=0.0000
  es=   76,800  sps=271  loss=0.7500  scale=1.58  mpc=0.0000
  es=   81,920  sps=280  loss=0.7314  scale=1.65  mpc=0.0000
  es=   87,040  sps=288  loss=0.7450  scale=1.94  mpc=0.0000
  es=   92,160  sps=296  loss=0.5957  scale=1.94  mpc=0.0000
  es=   97,280  sps=303  loss=0.8430  scale=4.00  mpc=0.0000
  step=  100,096  pi_reward=  153.1  MPPI=  176.6  sps=265
    diag pi:   full=0.00 stand=1.00  falls=0.0  ttf=1000.0
    diag mppi: full=0.00 stand=1.00  falls=0.0  ttf=1000.0
  es=  102,400  sps=268  loss=0.7569  scale=2.14  mpc=0.0000
  es=  107,520  sps=275  loss=0.8820  scale=2.84  mpc=0.0000
  es=  112,640  sps=281  loss=0.9315  scale=3.29  mpc=0.0000
  es=  117,760  sps=287  loss=0.9235  scale=3.81  mpc=0.0000
  es=  122,880  sps=293  loss=0.8436  scale=4.00  mpc=0.0000
  es=  128,000  sps=299  loss=0.7679  scale=4.00  mpc=0.0000
  es=  133,120  sps=304  loss=0.8734  scale=4.00  mpc=0.0000
  es=  138,240  sps=309  loss=0.8276  scale=3.08  mpc=0.0000
  es=  143,360  sps=314  loss=0.9019  scale=4.00  mpc=0.0000
  es=  148,480  sps=319  loss=0.9162  scale=4.00  mpc=0.0000
  step=  150,016  pi_reward=  304.8  MPPI=  310.8  sps=289
    diag pi:   full=0.00 stand=0.97  falls=2.2  ttf=1000.0
    diag mppi: full=0.00 stand=1.00  falls=0.6  ttf=1000.0
  es=  153,600  sps=292  loss=0.8820  scale=4.00  mpc=0.0000
  es=  158,720  sps=296  loss=0.9513  scale=4.00  mpc=0.0000
  es=  163,840  sps=301  loss=0.8706  scale=4.00  mpc=0.0000
  es=  168,960  sps=305  loss=0.9213  scale=4.00  mpc=0.0000
  es=  174,080  sps=309  loss=0.9211  scale=4.00  mpc=0.0000
  es=  179,200  sps=313  loss=0.8575  scale=4.00  mpc=0.0000
  es=  184,320  sps=317  loss=0.8272  scale=4.00  mpc=0.0000
  es=  189,440  sps=320  loss=0.7217  scale=4.00  mpc=0.0000
  es=  194,560  sps=324  loss=0.7438  scale=4.00  mpc=0.0000
  es=  199,680  sps=327  loss=0.7651  scale=4.00  mpc=0.0000
  step=  200,192  pi_reward=  312.2  MPPI=   96.6  sps=303  pi>>MPPI
    diag pi:   full=0.00 stand=1.00  falls=0.0  ttf=1000.0
    diag mppi: full=0.00 stand=1.00  falls=1.0  ttf=1000.0
  es=  204,800  sps=306  loss=0.7486  scale=3.98  mpc=0.0000
  es=  209,920  sps=309  loss=0.7023  scale=4.00  mpc=0.0000
  es=  215,040  sps=312  loss=0.7245  scale=4.00  mpc=0.0000
  es=  220,160  sps=315  loss=0.7127  scale=4.00  mpc=0.0000
  es=  225,280  sps=318  loss=0.6069  scale=4.00  mpc=0.0000
  es=  230,400  sps=321  loss=0.7198  scale=4.00  mpc=0.0000
  es=  235,520  sps=324  loss=0.6963  scale=4.00  mpc=0.0000
  es=  240,640  sps=327  loss=0.6569  scale=4.00  mpc=0.0000
  es=  245,760  sps=330  loss=0.6415  scale=4.00  mpc=0.0000
  step=  250,112  pi_reward=  320.2  MPPI=  433.8  sps=311  MPPI>>pi
    diag pi:   full=0.09 stand=0.88  falls=5.0  ttf=209.6
    diag mppi: full=0.46 stand=0.96  falls=1.0  ttf=150.4
  es=  250,880  sps=312  loss=0.6861  scale=4.00  mpc=0.0000
  es=  256,000  sps=314  loss=0.6564  scale=4.00  mpc=0.0000
  es=  261,120  sps=317  loss=0.7166  scale=4.00  mpc=0.0000
  es=  266,240  sps=320  loss=0.7550  scale=4.00  mpc=0.0000
  es=  271,360  sps=322  loss=0.7081  scale=4.00  mpc=0.0000
  es=  276,480  sps=325  loss=0.6900  scale=4.00  mpc=0.0000
  es=  281,600  sps=327  loss=0.6936  scale=4.00  mpc=0.0000
  es=  286,720  sps=329  loss=0.6542  scale=4.00  mpc=0.0000
  es=  291,840  sps=332  loss=0.6675  scale=4.00  mpc=0.0000
  es=  296,960  sps=334  loss=0.6223  scale=4.00  mpc=0.0000
  step=  300,032  pi_reward=  469.6  MPPI=  500.1  sps=317
    diag pi:   full=0.37 stand=1.00  falls=0.0  ttf=126.4
    diag mppi: full=0.61 stand=1.00  falls=0.0  ttf=95.4
  es=  302,080  sps=318  loss=0.6169  scale=4.00  mpc=0.0000
  es=  307,200  sps=320  loss=0.6255  scale=4.00  mpc=0.0000
  es=  312,320  sps=323  loss=0.6550  scale=4.00  mpc=0.0000
  es=  317,440  sps=325  loss=0.6344  scale=4.00  mpc=0.0000
  es=  322,560  sps=327  loss=0.5621  scale=4.00  mpc=0.0000
  es=  327,680  sps=329  loss=0.5588  scale=4.00  mpc=0.0000
  es=  332,800  sps=331  loss=0.5963  scale=4.00  mpc=0.0000
  es=  337,920  sps=333  loss=0.5637  scale=4.00  mpc=0.0000
  es=  343,040  sps=335  loss=0.5305  scale=4.00  mpc=0.0000
  es=  348,160  sps=337  loss=0.4879  scale=4.00  mpc=0.0000
  step=  350,208  pi_reward=  523.4  MPPI=  516.1  sps=322
    diag pi:   full=0.86 stand=1.00  falls=0.0  ttf=91.6
    diag mppi: full=0.76 stand=1.00  falls=0.0  ttf=93.6
  es=  353,280  sps=323  loss=0.4844  scale=4.00  mpc=0.0000
  es=  358,400  sps=325  loss=0.4772  scale=4.00  mpc=0.0000
  es=  363,520  sps=327  loss=0.4434  scale=4.00  mpc=0.0000
  es=  368,640  sps=328  loss=0.4742  scale=4.00  mpc=0.0000
  es=  373,760  sps=330  loss=0.4676  scale=4.00  mpc=0.0000
  es=  378,880  sps=332  loss=0.4834  scale=4.00  mpc=0.0000
  es=  384,000  sps=334  loss=0.4333  scale=4.00  mpc=0.0000
  es=  389,120  sps=335  loss=0.4657  scale=4.00  mpc=0.0000
  es=  394,240  sps=337  loss=0.4454  scale=4.00  mpc=0.0000
  es=  399,360  sps=339  loss=0.3308  scale=4.00  mpc=0.0000
  step=  400,128  pi_reward=  323.9  MPPI=  272.6  sps=325
    diag pi:   full=0.00 stand=1.00  falls=0.0  ttf=1000.0
    diag mppi: full=0.00 stand=1.00  falls=0.0  ttf=1000.0
  es=  404,480  sps=326  loss=0.2646  scale=4.00  mpc=0.0000
  es=  409,600  sps=328  loss=0.3942  scale=4.00  mpc=0.0000
  es=  414,720  sps=330  loss=0.3147  scale=4.00  mpc=0.0000
  es=  419,840  sps=331  loss=0.2323  scale=4.00  mpc=0.0000
  es=  424,960  sps=333  loss=0.2935  scale=4.00  mpc=0.0000
  es=  430,080  sps=334  loss=0.3530  scale=4.00  mpc=0.0000
  es=  435,200  sps=336  loss=0.3615  scale=4.00  mpc=0.0000
  es=  440,320  sps=337  loss=0.3239  scale=4.00  mpc=0.0000
  es=  445,440  sps=339  loss=0.2273  scale=4.00  mpc=0.0000
  step=  450,048  pi_reward=    0.2  MPPI=   97.7  sps=328
    diag pi:   full=0.00 stand=0.01  falls=0.8  ttf=1000.0
    diag mppi: full=0.00 stand=1.00  falls=0.0  ttf=1000.0
  es=  450,560  sps=328  loss=0.2565  scale=4.00  mpc=0.0000
  es=  455,680  sps=329  loss=0.3880  scale=4.00  mpc=0.0000
  es=  460,800  sps=331  loss=0.3667  scale=4.00  mpc=0.0000
  es=  465,920  sps=332  loss=0.2389  scale=4.00  mpc=0.0000
  es=  471,040  sps=334  loss=0.3462  scale=4.00  mpc=0.0000
  es=  476,160  sps=335  loss=0.3340  scale=4.00  mpc=0.0000
  es=  481,280  sps=337  loss=0.3244  scale=4.00  mpc=0.0000
  es=  486,400  sps=338  loss=0.3124  scale=4.00  mpc=0.0000
  es=  491,520  sps=339  loss=0.3289  scale=4.00  mpc=0.0000
  es=  496,640  sps=341  loss=0.3072  scale=4.00  mpc=0.0000
  step=  500,224  pi_reward=  554.0  MPPI=  532.7  sps=330
    diag pi:   full=0.87 stand=0.99  falls=1.0  ttf=79.0
    diag mppi: full=0.80 stand=1.00  falls=0.0  ttf=89.6
  TD-MPC2 CheetahRun done in 1515s

============================================================
All runs completed in 27.4 min
CSVs saved to: /root/helios-rl/exp/benchmark
[paperA_disc_cleanNB] === CheetahRun seed=2 done rc=0 2026-06-17T18:36:07Z ===
[paperA_disc_cleanNB] all done status=0 at 2026-06-17T18:36:07Z
