[paperA_disc_distB] start 2026-06-17T20:26:09Z algo=tdmpc2 task=CheetahRun seeds=3 sha=paperA tag=paperA_distB_s3
[paperA_disc_distB] === CheetahRun seed=3 start 2026-06-17T20:26:09Z ===

Benchmark: ['tdmpc2'] × ['CheetahRun']
Steps: 500,000  Seed: 3
Output: /root/helios-rl/exp/benchmark


============================================================
  TD-MPC2 | CheetahRun | seed=3 | steps=500,000
============================================================
  K_UPDATE override: 128 gradient updates per batch (default 64)
  MPPI n_samples override: NS=2048 (DEFAULTS['NS']=512)
  DISTRACTORS: +32 OU nuisance obs dims (scale=1.0, rho=0.95)
  obs=49  act=6
  Warming up JIT (may take 30-90s)...
  JIT compiled in 26.2s
  es=    5,120  sps=104  loss=0.8489  scale=1.00  mpc=0.0000
  es=   10,240  sps=161  loss=0.7917  scale=1.00  mpc=0.0000
  es=   15,360  sps=197  loss=0.7343  scale=1.00  mpc=0.0000
  es=   20,480  sps=226  loss=0.6797  scale=1.00  mpc=0.0000
  es=   25,600  sps=243  loss=0.6457  scale=1.00  mpc=0.0000
  es=   30,720  sps=260  loss=0.4839  scale=1.00  mpc=0.0000
  es=   35,840  sps=273  loss=0.5624  scale=1.40  mpc=0.0000
  es=   40,960  sps=284  loss=0.6736  scale=1.00  mpc=0.0000
  es=   46,080  sps=293  loss=0.6065  scale=1.37  mpc=0.0000
  step=   50,176  pi_reward=    3.7  MPPI=   28.5  sps=168
    diag pi:   full=0.00 stand=0.05  falls=1.4  ttf=1000.0
    diag mppi: full=0.00 stand=0.46  falls=12.4  ttf=1000.0
  es=   51,200  sps=170  loss=0.5976  scale=1.39  mpc=0.0000
  es=   56,320  sps=179  loss=0.7613  scale=2.91  mpc=0.0000
  es=   61,440  sps=187  loss=0.7555  scale=1.49  mpc=0.0000
  es=   66,560  sps=195  loss=0.6296  scale=3.65  mpc=0.0000
  es=   71,680  sps=203  loss=0.8074  scale=4.00  mpc=0.0000
  es=   76,800  sps=209  loss=0.9020  scale=4.00  mpc=0.0000
  es=   81,920  sps=215  loss=0.8066  scale=4.00  mpc=0.0000
  es=   87,040  sps=221  loss=0.8442  scale=4.00  mpc=0.0000
  es=   92,160  sps=227  loss=0.7652  scale=4.00  mpc=0.0000
  es=   97,280  sps=232  loss=0.7611  scale=4.00  mpc=0.0000
  step=  100,096  pi_reward=    1.1  MPPI=    1.6  sps=199
    diag pi:   full=0.00 stand=0.03  falls=1.8  ttf=1000.0
    diag mppi: full=0.00 stand=0.03  falls=3.0  ttf=1000.0
  es=  102,400  sps=201  loss=0.7587  scale=4.00  mpc=0.0000
  es=  107,520  sps=205  loss=0.6725  scale=4.00  mpc=0.0000
  es=  112,640  sps=210  loss=0.8205  scale=4.00  mpc=0.0000
  es=  117,760  sps=214  loss=0.8715  scale=4.00  mpc=0.0000
  es=  122,880  sps=218  loss=0.7721  scale=4.00  mpc=0.0000
  es=  128,000  sps=222  loss=0.7633  scale=4.00  mpc=0.0000
  es=  133,120  sps=226  loss=0.7486  scale=4.00  mpc=0.0000
  es=  138,240  sps=230  loss=0.8394  scale=4.00  mpc=0.0000
  es=  143,360  sps=233  loss=0.8828  scale=4.00  mpc=0.0000
  es=  148,480  sps=236  loss=0.7941  scale=4.00  mpc=0.0000
  step=  150,016  pi_reward=   48.4  MPPI=   71.9  sps=211
    diag pi:   full=0.00 stand=0.42  falls=17.2  ttf=1000.0
    diag mppi: full=0.00 stand=0.69  falls=13.0  ttf=1000.0
  es=  153,600  sps=213  loss=0.7262  scale=4.00  mpc=0.0000
  es=  158,720  sps=216  loss=0.7149  scale=4.00  mpc=0.0000
  es=  163,840  sps=219  loss=0.7092  scale=4.00  mpc=0.0000
  es=  168,960  sps=222  loss=0.7802  scale=4.00  mpc=0.0000
  es=  174,080  sps=225  loss=0.8067  scale=4.00  mpc=0.0000
  es=  179,200  sps=228  loss=0.7936  scale=4.00  mpc=0.0000
  es=  184,320  sps=231  loss=0.8448  scale=4.00  mpc=0.0000
  es=  189,440  sps=233  loss=0.8247  scale=4.00  mpc=0.0000
  es=  194,560  sps=236  loss=0.8213  scale=4.00  mpc=0.0000
  es=  199,680  sps=238  loss=0.8666  scale=4.00  mpc=0.0000
  step=  200,192  pi_reward=   64.3  MPPI=  110.4  sps=218
    diag pi:   full=0.00 stand=0.52  falls=3.0  ttf=1000.0
    diag mppi: full=0.00 stand=0.94  falls=3.8  ttf=1000.0
  es=  204,800  sps=220  loss=0.8709  scale=4.00  mpc=0.0000
  es=  209,920  sps=223  loss=0.8190  scale=4.00  mpc=0.0000
  es=  215,040  sps=225  loss=0.8023  scale=4.00  mpc=0.0000
  es=  220,160  sps=227  loss=0.7541  scale=4.00  mpc=0.0000
  es=  225,280  sps=229  loss=0.7476  scale=4.00  mpc=0.0000
  es=  230,400  sps=231  loss=0.7153  scale=4.00  mpc=0.0000
  es=  235,520  sps=233  loss=0.7232  scale=4.00  mpc=0.0000
  es=  240,640  sps=235  loss=0.7237  scale=4.00  mpc=0.0000
  es=  245,760  sps=237  loss=0.7315  scale=4.00  mpc=0.0000
  step=  250,112  pi_reward=  137.1  MPPI=  110.1  sps=222
    diag pi:   full=0.00 stand=0.95  falls=2.8  ttf=1000.0
    diag mppi: full=0.00 stand=0.87  falls=10.2  ttf=1000.0
  es=  250,880  sps=223  loss=0.7645  scale=4.00  mpc=0.0000
  es=  256,000  sps=225  loss=0.7047  scale=4.00  mpc=0.0000
  es=  261,120  sps=226  loss=0.7958  scale=4.00  mpc=0.0000
  es=  266,240  sps=228  loss=0.8245  scale=4.00  mpc=0.0000
  es=  271,360  sps=230  loss=0.8751  scale=4.00  mpc=0.0000
  es=  276,480  sps=232  loss=0.7773  scale=4.00  mpc=0.0000
  es=  281,600  sps=233  loss=0.7209  scale=4.00  mpc=0.0000
  es=  286,720  sps=235  loss=0.7046  scale=4.00  mpc=0.0000
  es=  291,840  sps=237  loss=0.7765  scale=4.00  mpc=0.0000
  es=  296,960  sps=238  loss=0.7494  scale=4.00  mpc=0.0000
  step=  300,032  pi_reward=  125.2  MPPI=   86.6  sps=225
    diag pi:   full=0.00 stand=0.87  falls=3.6  ttf=1000.0
    diag mppi: full=0.00 stand=0.69  falls=15.2  ttf=1000.0
  es=  302,080  sps=226  loss=0.7617  scale=4.00  mpc=0.0000
  es=  307,200  sps=227  loss=0.7757  scale=4.00  mpc=0.0000
  es=  312,320  sps=229  loss=0.7510  scale=4.00  mpc=0.0000
  es=  317,440  sps=231  loss=0.7591  scale=4.00  mpc=0.0000
  es=  322,560  sps=232  loss=0.7333  scale=4.00  mpc=0.0000
  es=  327,680  sps=233  loss=0.7517  scale=4.00  mpc=0.0000
  es=  332,800  sps=235  loss=0.7405  scale=4.00  mpc=0.0000
  es=  337,920  sps=236  loss=0.8005  scale=4.00  mpc=0.0000
  es=  343,040  sps=238  loss=0.8260  scale=4.00  mpc=0.0000
  es=  348,160  sps=239  loss=0.7591  scale=4.00  mpc=0.0000
  step=  350,208  pi_reward=   98.1  MPPI=  126.4  sps=228
    diag pi:   full=0.00 stand=0.66  falls=8.2  ttf=1000.0
    diag mppi: full=0.00 stand=0.81  falls=7.8  ttf=1000.0
  es=  353,280  sps=228  loss=0.7713  scale=4.00  mpc=0.0000
  es=  358,400  sps=230  loss=0.7903  scale=4.00  mpc=0.0000
  es=  363,520  sps=231  loss=0.7649  scale=4.00  mpc=0.0000
  es=  368,640  sps=232  loss=0.7961  scale=4.00  mpc=0.0000
  es=  373,760  sps=234  loss=0.8802  scale=4.00  mpc=0.0000
  es=  378,880  sps=235  loss=0.8752  scale=4.00  mpc=0.0000
  es=  384,000  sps=236  loss=0.8499  scale=4.00  mpc=0.0000
  es=  389,120  sps=237  loss=0.9288  scale=4.00  mpc=0.0000
  es=  394,240  sps=238  loss=0.9068  scale=4.00  mpc=0.0000
  es=  399,360  sps=240  loss=0.9183  scale=4.00  mpc=0.0000
  step=  400,128  pi_reward=  139.1  MPPI=  110.1  sps=229
    diag pi:   full=0.00 stand=0.88  falls=4.8  ttf=1000.0
    diag mppi: full=0.00 stand=0.70  falls=10.6  ttf=1000.0
  es=  404,480  sps=230  loss=0.9478  scale=4.00  mpc=0.0000
  es=  409,600  sps=231  loss=0.8714  scale=4.00  mpc=0.0000
  es=  414,720  sps=232  loss=0.9130  scale=4.00  mpc=0.0000
  es=  419,840  sps=234  loss=0.9056  scale=4.00  mpc=0.0000
