[paperA_disc_distNB128] start 2026-06-17T16:34:45Z algo=tdmpc2 task=CheetahRun seeds=0 sha=paperA tag=paperA_distNB128_s0
[paperA_disc_distNB128] === CheetahRun seed=0 start 2026-06-17T16:34:45Z ===

Benchmark: ['tdmpc2'] × ['CheetahRun']
Steps: 500,000  Seed: 0
Output: /root/helios-rl/exp/benchmark


============================================================
  TD-MPC2 | CheetahRun | seed=0 | steps=500,000
============================================================
  K_UPDATE override: 128 gradient updates per batch (default 64)
  MPPI n_samples override: NS=2048 (DEFAULTS['NS']=512)
  DISTRACTORS: +128 OU nuisance obs dims (scale=1.0, rho=0.95)
  obs=145  act=6
  Warming up JIT (may take 30-90s)...
  JIT compiled in 26.0s
  es=    5,120  sps=108  loss=0.8348  scale=1.00  mpc=0.0000
  es=   10,240  sps=180  loss=0.7549  scale=1.00  mpc=0.0000
  es=   15,360  sps=231  loss=0.4609  scale=1.00  mpc=0.0000
  es=   20,480  sps=269  loss=0.5920  scale=1.00  mpc=0.0000
  es=   25,600  sps=293  loss=0.6809  scale=1.19  mpc=0.0000
  es=   30,720  sps=316  loss=0.5931  scale=1.34  mpc=0.0000
  es=   35,840  sps=336  loss=0.7161  scale=2.70  mpc=0.0000
  es=   40,960  sps=349  loss=0.7157  scale=3.47  mpc=0.0000
  es=   46,080  sps=362  loss=0.6921  scale=2.82  mpc=0.0000
  step=   50,176  pi_reward=   31.2  MPPI=   30.7  sps=209
    diag pi:   full=0.00 stand=0.46  falls=14.6  ttf=1000.0
    diag mppi: full=0.00 stand=0.41  falls=13.0  ttf=1000.0
  es=   51,200  sps=212  loss=0.5659  scale=2.25  mpc=0.0000
  es=   56,320  sps=224  loss=0.6044  scale=2.05  mpc=0.0000
  es=   61,440  sps=235  loss=0.6558  scale=2.15  mpc=0.0000
  es=   66,560  sps=245  loss=0.7372  scale=2.65  mpc=0.0000
  es=   71,680  sps=255  loss=0.7177  scale=3.42  mpc=0.0000
  es=   76,800  sps=264  loss=0.7571  scale=4.00  mpc=0.0000
  es=   81,920  sps=272  loss=0.7964  scale=4.00  mpc=0.0000
  es=   87,040  sps=280  loss=0.6892  scale=4.00  mpc=0.0000
  es=   92,160  sps=288  loss=0.7043  scale=4.00  mpc=0.0000
  es=   97,280  sps=294  loss=0.7731  scale=4.00  mpc=0.0000
  step=  100,096  pi_reward=   48.4  MPPI=   63.9  sps=259
    diag pi:   full=0.00 stand=0.58  falls=14.8  ttf=1000.0
    diag mppi: full=0.00 stand=0.63  falls=11.2  ttf=1000.0
  es=  102,400  sps=262  loss=0.7316  scale=4.00  mpc=0.0000
  es=  107,520  sps=268  loss=0.8312  scale=4.00  mpc=0.0000
  es=  112,640  sps=274  loss=0.7373  scale=4.00  mpc=0.0000
  es=  117,760  sps=280  loss=0.7521  scale=4.00  mpc=0.0000
  es=  122,880  sps=285  loss=0.7673  scale=4.00  mpc=0.0000
  es=  128,000  sps=291  loss=0.7528  scale=4.00  mpc=0.0000
  es=  133,120  sps=296  loss=0.7981  scale=4.00  mpc=0.0000
  es=  138,240  sps=301  loss=0.7706  scale=4.00  mpc=0.0000
  es=  143,360  sps=305  loss=0.8075  scale=4.00  mpc=0.0000
  es=  148,480  sps=310  loss=0.7638  scale=4.00  mpc=0.0000
  step=  150,016  pi_reward=  117.8  MPPI=  135.9  sps=281
    diag pi:   full=0.00 stand=0.71  falls=8.6  ttf=1000.0
    diag mppi: full=0.00 stand=0.82  falls=7.8  ttf=1000.0
  es=  153,600  sps=284  loss=0.7884  scale=4.00  mpc=0.0000
  es=  158,720  sps=288  loss=0.7890  scale=4.00  mpc=0.0000
  es=  163,840  sps=292  loss=0.7887  scale=4.00  mpc=0.0000
  es=  168,960  sps=296  loss=0.8365  scale=4.00  mpc=0.0000
  es=  174,080  sps=300  loss=0.7649  scale=4.00  mpc=0.0000
  es=  179,200  sps=304  loss=0.8106  scale=4.00  mpc=0.0000
  es=  184,320  sps=307  loss=0.7881  scale=4.00  mpc=0.0000
  es=  189,440  sps=311  loss=0.7827  scale=4.00  mpc=0.0000
  es=  194,560  sps=314  loss=0.7835  scale=4.00  mpc=0.0000
  es=  199,680  sps=317  loss=0.7778  scale=4.00  mpc=0.0000
  step=  200,192  pi_reward=   80.6  MPPI=  126.7  sps=294
    diag pi:   full=0.00 stand=0.57  falls=7.2  ttf=1000.0
    diag mppi: full=0.00 stand=0.81  falls=9.2  ttf=1000.0
  es=  204,800  sps=297  loss=0.7866  scale=4.00  mpc=0.0000
  es=  209,920  sps=300  loss=0.7629  scale=4.00  mpc=0.0000
  es=  215,040  sps=303  loss=0.7820  scale=4.00  mpc=0.0000
  es=  220,160  sps=306  loss=0.7894  scale=4.00  mpc=0.0000
  es=  225,280  sps=309  loss=0.8112  scale=4.00  mpc=0.0000
  es=  230,400  sps=311  loss=0.7865  scale=4.00  mpc=0.0000
  es=  235,520  sps=314  loss=0.8380  scale=4.00  mpc=0.0000
  es=  240,640  sps=317  loss=0.8040  scale=4.00  mpc=0.0000
  es=  245,760  sps=320  loss=0.8299  scale=4.00  mpc=0.0000
  step=  250,112  pi_reward=   82.6  MPPI=  131.1  sps=302
    diag pi:   full=0.00 stand=0.55  falls=9.6  ttf=1000.0
    diag mppi: full=0.00 stand=0.81  falls=6.4  ttf=1000.0
  es=  250,880  sps=302  loss=0.8423  scale=4.00  mpc=0.0000
  es=  256,000  sps=305  loss=0.8614  scale=4.00  mpc=0.0000
  es=  261,120  sps=307  loss=0.7584  scale=4.00  mpc=0.0000
  es=  266,240  sps=310  loss=0.8281  scale=4.00  mpc=0.0000
  es=  271,360  sps=312  loss=0.8270  scale=4.00  mpc=0.0000
  es=  276,480  sps=315  loss=0.7969  scale=4.00  mpc=0.0000
  es=  281,600  sps=317  loss=0.8392  scale=4.00  mpc=0.0000
  es=  286,720  sps=319  loss=0.8505  scale=4.00  mpc=0.0000
  es=  291,840  sps=321  loss=0.7952  scale=4.00  mpc=0.0000
  es=  296,960  sps=323  loss=0.8183  scale=4.00  mpc=0.0000
  step=  300,032  pi_reward=  151.2  MPPI=  143.6  sps=308
    diag pi:   full=0.00 stand=0.89  falls=5.8  ttf=1000.0
    diag mppi: full=0.00 stand=0.83  falls=6.8  ttf=1000.0
  es=  302,080  sps=308  loss=0.8662  scale=4.00  mpc=0.0000
  es=  307,200  sps=311  loss=0.8458  scale=4.00  mpc=0.0000
  es=  312,320  sps=313  loss=0.8701  scale=4.00  mpc=0.0000
  es=  317,440  sps=315  loss=0.8739  scale=4.00  mpc=0.0000
  es=  322,560  sps=317  loss=0.8864  scale=4.00  mpc=0.0000
  es=  327,680  sps=319  loss=0.8594  scale=4.00  mpc=0.0000
  es=  332,800  sps=320  loss=0.8331  scale=4.00  mpc=0.0000
  es=  337,920  sps=322  loss=0.8452  scale=4.00  mpc=0.0000
  es=  343,040  sps=324  loss=0.8455  scale=4.00  mpc=0.0000
  es=  348,160  sps=326  loss=0.8524  scale=4.00  mpc=0.0000
  step=  350,208  pi_reward=  171.9  MPPI=  149.9  sps=312
    diag pi:   full=0.00 stand=0.78  falls=6.0  ttf=1000.0
    diag mppi: full=0.00 stand=0.86  falls=6.8  ttf=1000.0
  es=  353,280  sps=313  loss=0.8399  scale=4.00  mpc=0.0000
  es=  358,400  sps=315  loss=0.8417  scale=4.00  mpc=0.0000
  es=  363,520  sps=316  loss=0.8296  scale=4.00  mpc=0.0000
  es=  368,640  sps=318  loss=0.8199  scale=4.00  mpc=0.0000
  es=  373,760  sps=320  loss=0.8025  scale=4.00  mpc=0.0000
  es=  378,880  sps=321  loss=0.8404  scale=4.00  mpc=0.0000
  es=  384,000  sps=323  loss=0.7681  scale=4.00  mpc=0.0000
  es=  389,120  sps=325  loss=0.8101  scale=4.00  mpc=0.0000
  es=  394,240  sps=326  loss=0.7944  scale=4.00  mpc=0.0000
  es=  399,360  sps=328  loss=0.8031  scale=4.00  mpc=0.0000
  step=  400,128  pi_reward=  244.4  MPPI=  208.8  sps=315
    diag pi:   full=0.00 stand=0.94  falls=1.4  ttf=1000.0
    diag mppi: full=0.00 stand=0.84  falls=6.8  ttf=1000.0
  es=  404,480  sps=316  loss=0.7599  scale=4.00  mpc=0.0000
  es=  409,600  sps=318  loss=0.8484  scale=4.00  mpc=0.0000
  es=  414,720  sps=319  loss=0.7923  scale=4.00  mpc=0.0000
  es=  419,840  sps=321  loss=0.7940  scale=4.00  mpc=0.0000
  es=  424,960  sps=322  loss=0.7979  scale=4.00  mpc=0.0000
  es=  430,080  sps=324  loss=0.7711  scale=4.00  mpc=0.0000
  es=  435,200  sps=325  loss=0.8428  scale=4.00  mpc=0.0000
  es=  440,320  sps=327  loss=0.8180  scale=4.00  mpc=0.0000
  es=  445,440  sps=328  loss=0.8403  scale=4.00  mpc=0.0000
  step=  450,048  pi_reward=  132.6  MPPI=  114.7  sps=317
    diag pi:   full=0.00 stand=0.64  falls=8.8  ttf=1000.0
    diag mppi: full=0.00 stand=0.67  falls=13.4  ttf=1000.0
  es=  450,560  sps=318  loss=0.8649  scale=4.00  mpc=0.0000
  es=  455,680  sps=319  loss=0.8396  scale=4.00  mpc=0.0000
  es=  460,800  sps=320  loss=0.8046  scale=4.00  mpc=0.0000
  es=  465,920  sps=322  loss=0.8301  scale=4.00  mpc=0.0000
  es=  471,040  sps=323  loss=0.8675  scale=4.00  mpc=0.0000
  es=  476,160  sps=324  loss=0.8576  scale=4.00  mpc=0.0000
  es=  481,280  sps=326  loss=0.8626  scale=4.00  mpc=0.0000
  es=  486,400  sps=327  loss=0.8334  scale=4.00  mpc=0.0000
  es=  491,520  sps=328  loss=0.8598  scale=4.00  mpc=0.0000
  es=  496,640  sps=329  loss=0.8487  scale=4.00  mpc=0.0000
  step=  500,224  pi_reward=  164.1  MPPI=  143.2  sps=320
    diag pi:   full=0.00 stand=0.83  falls=5.8  ttf=1000.0
    diag mppi: full=0.00 stand=0.69  falls=7.2  ttf=1000.0
  TD-MPC2 CheetahRun done in 1565s

============================================================
All runs completed in 28.3 min
CSVs saved to: /root/helios-rl/exp/benchmark
[paperA_disc_distNB128] === CheetahRun seed=0 done rc=0 2026-06-17T17:03:09Z ===
[paperA_disc_distNB128] all done status=0 at 2026-06-17T17:03:09Z
