[paperA_disc_distNB] start 2026-06-17T15:22:27Z algo=tdmpc2 task=CheetahRun seeds=0 sha=paperA tag=paperA_disc_distNB_CheetahRun_paperA
[paperA_disc_distNB] === CheetahRun seed=0 start 2026-06-17T15:22:27Z ===

Benchmark: ['tdmpc2'] × ['CheetahRun']
Steps: 500,000  Seed: 0
Output: /root/helios-rl/exp/benchmark


============================================================
  TD-MPC2 | CheetahRun | seed=0 | steps=500,000
============================================================
  K_UPDATE override: 128 gradient updates per batch (default 64)
  MPPI n_samples override: NS=2048 (DEFAULTS['NS']=512)
  DISTRACTORS: +32 OU nuisance obs dims (scale=1.0, rho=0.95)
  obs=49  act=6
  Warming up JIT (may take 30-90s)...
  JIT compiled in 25.0s
  es=    5,120  sps=109  loss=0.8668  scale=1.00  mpc=0.0000
  es=   10,240  sps=182  loss=0.7571  scale=1.00  mpc=0.0000
  es=   15,360  sps=234  loss=0.4075  scale=1.00  mpc=0.0000
  es=   20,480  sps=273  loss=0.5887  scale=1.00  mpc=0.0000
  es=   25,600  sps=299  loss=0.3237  scale=1.00  mpc=0.0000
  es=   30,720  sps=324  loss=0.6650  scale=1.00  mpc=0.0000
  es=   35,840  sps=344  loss=0.6329  scale=1.36  mpc=0.0000
  es=   40,960  sps=361  loss=0.6509  scale=1.71  mpc=0.0000
  es=   46,080  sps=375  loss=0.6024  scale=2.14  mpc=0.0000
  step=   50,176  pi_reward=   55.9  MPPI=  115.1  sps=206
    diag pi:   full=0.00 stand=0.57  falls=26.2  ttf=1000.0
    diag mppi: full=0.00 stand=0.97  falls=2.6  ttf=1000.0
  es=   51,200  sps=209  loss=0.7725  scale=2.87  mpc=0.0000
  es=   56,320  sps=221  loss=0.8188  scale=3.84  mpc=0.0000
  es=   61,440  sps=233  loss=0.8322  scale=4.00  mpc=0.0000
  es=   66,560  sps=244  loss=0.8299  scale=4.00  mpc=0.0000
  es=   71,680  sps=254  loss=0.8757  scale=4.00  mpc=0.0000
  es=   76,800  sps=263  loss=0.7878  scale=4.00  mpc=0.0000
  es=   81,920  sps=272  loss=0.7948  scale=4.00  mpc=0.0000
  es=   87,040  sps=281  loss=0.7589  scale=4.00  mpc=0.0000
  es=   92,160  sps=288  loss=0.7923  scale=4.00  mpc=0.0000
  es=   97,280  sps=296  loss=0.8534  scale=4.00  mpc=0.0000
  step=  100,096  pi_reward=  173.6  MPPI=   73.1  sps=260  pi>>MPPI
    diag pi:   full=0.00 stand=0.82  falls=4.4  ttf=1000.0
    diag mppi: full=0.00 stand=0.63  falls=9.2  ttf=1000.0
  es=  102,400  sps=263  loss=0.8617  scale=4.00  mpc=0.0000
  es=  107,520  sps=270  loss=0.8707  scale=4.00  mpc=0.0000
  es=  112,640  sps=276  loss=0.9181  scale=4.00  mpc=0.0000
  es=  117,760  sps=282  loss=0.8724  scale=4.00  mpc=0.0000
  es=  122,880  sps=288  loss=0.8267  scale=4.00  mpc=0.0000
  es=  128,000  sps=293  loss=0.8156  scale=4.00  mpc=0.0000
  es=  133,120  sps=298  loss=0.7602  scale=4.00  mpc=0.0000
  es=  138,240  sps=304  loss=0.8391  scale=4.00  mpc=0.0000
  es=  143,360  sps=308  loss=0.7788  scale=4.00  mpc=0.0000
  es=  148,480  sps=313  loss=0.8212  scale=4.00  mpc=0.0000
  step=  150,016  pi_reward=  152.4  MPPI=  199.0  sps=285
    diag pi:   full=0.00 stand=0.73  falls=5.2  ttf=1000.0
    diag mppi: full=0.00 stand=0.88  falls=3.0  ttf=1000.0
  es=  153,600  sps=288  loss=0.8178  scale=4.00  mpc=0.0000
  es=  158,720  sps=292  loss=0.7642  scale=4.00  mpc=0.0000
  es=  163,840  sps=296  loss=0.7850  scale=4.00  mpc=0.0000
  es=  168,960  sps=301  loss=0.8670  scale=4.00  mpc=0.0000
  es=  174,080  sps=305  loss=0.8345  scale=4.00  mpc=0.0000
  es=  179,200  sps=309  loss=0.8501  scale=4.00  mpc=0.0000
  es=  184,320  sps=312  loss=0.8426  scale=4.00  mpc=0.0000
  es=  189,440  sps=316  loss=0.8571  scale=4.00  mpc=0.0000
  es=  194,560  sps=319  loss=0.8178  scale=4.00  mpc=0.0000
  es=  199,680  sps=323  loss=0.7389  scale=4.00  mpc=0.0000
  step=  200,192  pi_reward=  168.9  MPPI=   48.2  sps=299  pi>>MPPI
    diag pi:   full=0.00 stand=0.68  falls=7.6  ttf=1000.0
    diag mppi: full=0.00 stand=0.48  falls=19.4  ttf=1000.0
  es=  204,800  sps=302  loss=0.7769  scale=4.00  mpc=0.0000
  es=  209,920  sps=305  loss=0.7618  scale=4.00  mpc=0.0000
  es=  215,040  sps=308  loss=0.7489  scale=4.00  mpc=0.0000
  es=  220,160  sps=311  loss=0.7340  scale=4.00  mpc=0.0000
  es=  225,280  sps=315  loss=0.7568  scale=4.00  mpc=0.0000
  es=  230,400  sps=317  loss=0.7092  scale=4.00  mpc=0.0000
  es=  235,520  sps=320  loss=0.7029  scale=4.00  mpc=0.0000
  es=  240,640  sps=323  loss=0.7040  scale=4.00  mpc=0.0000
  es=  245,760  sps=326  loss=0.7039  scale=4.00  mpc=0.0000
  step=  250,112  pi_reward=  295.4  MPPI=  190.0  sps=308  pi>>MPPI
    diag pi:   full=0.04 stand=0.88  falls=6.8  ttf=512.2
    diag mppi: full=0.00 stand=0.75  falls=7.0  ttf=1000.0
  es=  250,880  sps=308  loss=0.6776  scale=4.00  mpc=0.0000
  es=  256,000  sps=311  loss=0.6914  scale=4.00  mpc=0.0000
  es=  261,120  sps=314  loss=0.6849  scale=4.00  mpc=0.0000
  es=  266,240  sps=316  loss=0.6800  scale=4.00  mpc=0.0000
  es=  271,360  sps=319  loss=0.7135  scale=4.00  mpc=0.0000
  es=  276,480  sps=321  loss=0.6850  scale=4.00  mpc=0.0000
  es=  281,600  sps=323  loss=0.6935  scale=4.00  mpc=0.0000
  es=  286,720  sps=326  loss=0.6592  scale=4.00  mpc=0.0000
  es=  291,840  sps=328  loss=0.7003  scale=4.00  mpc=0.0000
  es=  296,960  sps=330  loss=0.7154  scale=4.00  mpc=0.0000
  step=  300,032  pi_reward=  220.6  MPPI=  228.4  sps=314
    diag pi:   full=0.00 stand=0.74  falls=7.0  ttf=1000.0
    diag mppi: full=0.00 stand=0.77  falls=8.2  ttf=829.4
  es=  302,080  sps=315  loss=0.6819  scale=4.00  mpc=0.0000
  es=  307,200  sps=317  loss=0.6765  scale=4.00  mpc=0.0000
  es=  312,320  sps=319  loss=0.6609  scale=4.00  mpc=0.0000
  es=  317,440  sps=322  loss=0.6915  scale=4.00  mpc=0.0000
  es=  322,560  sps=324  loss=0.6736  scale=4.00  mpc=0.0000
  es=  327,680  sps=326  loss=0.6885  scale=4.00  mpc=0.0000
  es=  332,800  sps=328  loss=0.6806  scale=4.00  mpc=0.0000
  es=  337,920  sps=330  loss=0.6775  scale=4.00  mpc=0.0000
  es=  343,040  sps=332  loss=0.7041  scale=4.00  mpc=0.0000
  es=  348,160  sps=334  loss=0.7179  scale=4.00  mpc=0.0000
  step=  350,208  pi_reward=  444.3  MPPI=  110.6  sps=319  pi>>MPPI
    diag pi:   full=0.24 stand=1.00  falls=0.0  ttf=162.8
    diag mppi: full=0.03 stand=0.57  falls=18.2  ttf=480.8
  es=  353,280  sps=320  loss=0.7190  scale=4.00  mpc=0.0000
  es=  358,400  sps=322  loss=0.6965  scale=4.00  mpc=0.0000
  es=  363,520  sps=324  loss=0.7046  scale=4.00  mpc=0.0000
  es=  368,640  sps=326  loss=0.7008  scale=4.00  mpc=0.0000
  es=  373,760  sps=327  loss=0.7098  scale=4.00  mpc=0.0000
  es=  378,880  sps=329  loss=0.7162  scale=4.00  mpc=0.0000
  es=  384,000  sps=331  loss=0.6876  scale=4.00  mpc=0.0000
  es=  389,120  sps=333  loss=0.7150  scale=4.00  mpc=0.0000
  es=  394,240  sps=334  loss=0.7292  scale=4.00  mpc=0.0000
  es=  399,360  sps=336  loss=0.7048  scale=4.00  mpc=0.0000
  step=  400,128  pi_reward=  166.7  MPPI=  192.2  sps=323
    diag pi:   full=0.07 stand=0.68  falls=13.0  ttf=329.2
    diag mppi: full=0.10 stand=0.64  falls=10.6  ttf=303.0
  es=  404,480  sps=324  loss=0.7069  scale=4.00  mpc=0.0000
  es=  409,600  sps=326  loss=0.7193  scale=4.00  mpc=0.0000
  es=  414,720  sps=327  loss=0.7051  scale=4.00  mpc=0.0000
  es=  419,840  sps=329  loss=0.7059  scale=4.00  mpc=0.0000
  es=  424,960  sps=330  loss=0.6830  scale=4.00  mpc=0.0000
  es=  430,080  sps=332  loss=0.6879  scale=4.00  mpc=0.0000
  es=  435,200  sps=333  loss=0.6806  scale=4.00  mpc=0.0000
  es=  440,320  sps=335  loss=0.6937  scale=4.00  mpc=0.0000
  es=  445,440  sps=336  loss=0.6853  scale=4.00  mpc=0.0000
  step=  450,048  pi_reward=  363.3  MPPI=  328.7  sps=325
    diag pi:   full=0.20 stand=0.93  falls=1.2  ttf=144.0
    diag mppi: full=0.36 stand=0.85  falls=4.6  ttf=317.4
  es=  450,560  sps=325  loss=0.7161  scale=4.00  mpc=0.0000
  es=  455,680  sps=327  loss=0.6555  scale=4.00  mpc=0.0000
  es=  460,800  sps=328  loss=0.6574  scale=4.00  mpc=0.0000
  es=  465,920  sps=330  loss=0.6829  scale=4.00  mpc=0.0000
  es=  471,040  sps=331  loss=0.6800  scale=4.00  mpc=0.0000
  es=  476,160  sps=333  loss=0.6682  scale=4.00  mpc=0.0000
  es=  481,280  sps=334  loss=0.6896  scale=4.00  mpc=0.0000
  es=  486,400  sps=335  loss=0.7178  scale=4.00  mpc=0.0000
  es=  491,520  sps=337  loss=0.7460  scale=4.00  mpc=0.0000
  es=  496,640  sps=338  loss=0.6709  scale=4.00  mpc=0.0000
  step=  500,224  pi_reward=  478.0  MPPI=  339.6  sps=328  pi>>MPPI
    diag pi:   full=0.51 stand=1.00  falls=0.0  ttf=120.6
    diag mppi: full=0.35 stand=0.85  falls=6.8  ttf=153.8
  TD-MPC2 CheetahRun done in 1527s

============================================================
All runs completed in 27.5 min
CSVs saved to: /root/helios-rl/exp/benchmark
[paperA_disc_distNB] === CheetahRun seed=0 done rc=0 2026-06-17T15:50:06Z ===
[paperA_disc_distNB] all done status=0 at 2026-06-17T15:50:06Z
