[paperA_disc_cleanB] start 2026-06-17T18:07:18Z algo=tdmpc2 task=CheetahRun seeds=1 sha=paperA tag=paperA_cleanB_s1
[paperA_disc_cleanB] === CheetahRun seed=1 start 2026-06-17T18:07:18Z ===

Benchmark: ['tdmpc2'] × ['CheetahRun']
Steps: 500,000  Seed: 1
Output: /root/helios-rl/exp/benchmark


============================================================
  TD-MPC2 | CheetahRun | seed=1 | steps=500,000
============================================================
  K_UPDATE override: 128 gradient updates per batch (default 64)
  MPPI n_samples override: NS=2048 (DEFAULTS['NS']=512)
  obs=17  act=6
  Warming up JIT (may take 30-90s)...
  JIT compiled in 26.2s
  es=    5,120  sps=111  loss=0.1547  scale=1.00  mpc=0.0000
  es=   10,240  sps=185  loss=0.7525  scale=1.00  mpc=0.0000
  es=   15,360  sps=222  loss=0.2419  scale=1.00  mpc=0.0000
  es=   20,480  sps=261  loss=0.5763  scale=1.00  mpc=0.0000
  es=   25,600  sps=288  loss=0.5230  scale=1.00  mpc=0.0000
  es=   30,720  sps=313  loss=0.5859  scale=1.10  mpc=0.0000
  es=   35,840  sps=334  loss=0.3011  scale=1.00  mpc=0.0000
  es=   40,960  sps=351  loss=0.6289  scale=1.00  mpc=0.0000
  es=   46,080  sps=366  loss=0.3387  scale=1.00  mpc=0.0000
  step=   50,176  pi_reward=    3.0  MPPI=   15.5  sps=212
    diag pi:   full=0.00 stand=0.04  falls=1.2  ttf=1000.0
    diag mppi: full=0.00 stand=0.49  falls=49.6  ttf=1000.0
  es=   51,200  sps=214  loss=0.2744  scale=1.04  mpc=0.0000
  es=   56,320  sps=227  loss=0.2077  scale=1.18  mpc=0.0000
  es=   61,440  sps=239  loss=0.5345  scale=1.00  mpc=0.0000
  es=   66,560  sps=249  loss=0.4684  scale=1.00  mpc=0.0000
  es=   71,680  sps=259  loss=0.6125  scale=1.50  mpc=0.0000
  es=   76,800  sps=268  loss=0.5335  scale=1.63  mpc=0.0000
  es=   81,920  sps=277  loss=0.6280  scale=1.93  mpc=0.0000
  es=   87,040  sps=286  loss=0.6372  scale=1.01  mpc=0.0000
  es=   92,160  sps=294  loss=0.6865  scale=1.41  mpc=0.0000
  es=   97,280  sps=301  loss=0.4982  scale=1.24  mpc=0.0000
  step=  100,096  pi_reward=    0.1  MPPI=   30.1  sps=264
    diag pi:   full=0.00 stand=0.00  falls=0.8  ttf=1000.0
    diag mppi: full=0.00 stand=0.68  falls=35.8  ttf=1000.0
  es=  102,400  sps=267  loss=0.5230  scale=2.22  mpc=0.0000
  es=  107,520  sps=274  loss=0.6155  scale=1.70  mpc=0.0000
  es=  112,640  sps=281  loss=0.6295  scale=1.68  mpc=0.0000
  es=  117,760  sps=287  loss=0.1659  scale=1.06  mpc=0.0000
  es=  122,880  sps=293  loss=0.6163  scale=1.43  mpc=0.0000
  es=  128,000  sps=298  loss=0.5418  scale=1.43  mpc=0.0000
  es=  133,120  sps=303  loss=0.5888  scale=1.19  mpc=0.0000
  es=  138,240  sps=309  loss=0.5985  scale=1.66  mpc=0.0000
  es=  143,360  sps=314  loss=0.6890  scale=1.34  mpc=0.0000
  es=  148,480  sps=318  loss=0.5419  scale=2.33  mpc=0.0000
  step=  150,016  pi_reward=    1.4  MPPI=    1.2  sps=289
    diag pi:   full=0.00 stand=0.04  falls=1.2  ttf=1000.0
    diag mppi: full=0.00 stand=0.03  falls=3.6  ttf=1000.0
  es=  153,600  sps=292  loss=0.8003  scale=3.31  mpc=0.0000
  es=  158,720  sps=297  loss=0.6868  scale=3.61  mpc=0.0000
  es=  163,840  sps=301  loss=0.7111  scale=3.22  mpc=0.0000
  es=  168,960  sps=305  loss=0.5332  scale=2.06  mpc=0.0000
  es=  174,080  sps=309  loss=0.6071  scale=1.49  mpc=0.0000
  es=  179,200  sps=313  loss=0.7068  scale=1.99  mpc=0.0000
  es=  184,320  sps=317  loss=0.7459  scale=2.41  mpc=0.0000
  es=  189,440  sps=321  loss=0.6885  scale=1.66  mpc=0.0000
  es=  194,560  sps=324  loss=0.8038  scale=2.50  mpc=0.0000
  es=  199,680  sps=328  loss=0.7442  scale=4.00  mpc=0.0000
  step=  200,192  pi_reward=   29.3  MPPI=  127.0  sps=303
    diag pi:   full=0.00 stand=0.26  falls=7.4  ttf=1000.0
    diag mppi: full=0.00 stand=0.96  falls=3.0  ttf=1000.0
  es=  204,800  sps=306  loss=0.6777  scale=4.00  mpc=0.0000
  es=  209,920  sps=310  loss=0.8706  scale=4.00  mpc=0.0000
  es=  215,040  sps=313  loss=0.8621  scale=4.00  mpc=0.0000
  es=  220,160  sps=316  loss=0.8297  scale=3.46  mpc=0.0000
  es=  225,280  sps=319  loss=0.7182  scale=4.00  mpc=0.0000
  es=  230,400  sps=322  loss=0.8236  scale=3.64  mpc=0.0000
  es=  235,520  sps=325  loss=0.6407  scale=4.00  mpc=0.0000
  es=  240,640  sps=328  loss=0.8836  scale=4.00  mpc=0.0000
  es=  245,760  sps=331  loss=0.6076  scale=4.00  mpc=0.0000
  step=  250,112  pi_reward=    3.5  MPPI=   45.4  sps=312
    diag pi:   full=0.00 stand=0.05  falls=2.0  ttf=1000.0
    diag mppi: full=0.00 stand=0.54  falls=13.8  ttf=1000.0
  es=  250,880  sps=312  loss=0.6622  scale=4.00  mpc=0.0000
  es=  256,000  sps=315  loss=0.7064  scale=4.00  mpc=0.0000
  es=  261,120  sps=318  loss=0.7934  scale=3.17  mpc=0.0000
  es=  266,240  sps=320  loss=0.7584  scale=4.00  mpc=0.0000
  es=  271,360  sps=323  loss=0.7822  scale=4.00  mpc=0.0000
  es=  276,480  sps=325  loss=0.7686  scale=3.85  mpc=0.0000
  es=  281,600  sps=328  loss=0.7610  scale=3.77  mpc=0.0000
  es=  286,720  sps=330  loss=0.7270  scale=3.52  mpc=0.0000
  es=  291,840  sps=332  loss=0.6799  scale=3.37  mpc=0.0000
  es=  296,960  sps=335  loss=0.7049  scale=3.38  mpc=0.0000
  step=  300,032  pi_reward=   22.7  MPPI=   26.6  sps=318
    diag pi:   full=0.00 stand=0.47  falls=32.0  ttf=1000.0
    diag mppi: full=0.00 stand=0.32  falls=9.4  ttf=1000.0
  es=  302,080  sps=319  loss=0.7263  scale=3.59  mpc=0.0000
  es=  307,200  sps=321  loss=0.7300  scale=3.55  mpc=0.0000
  es=  312,320  sps=323  loss=0.7353  scale=3.70  mpc=0.0000
  es=  317,440  sps=325  loss=0.7806  scale=3.98  mpc=0.0000
  es=  322,560  sps=327  loss=0.8146  scale=4.00  mpc=0.0000
  es=  327,680  sps=329  loss=0.7937  scale=4.00  mpc=0.0000
  es=  332,800  sps=331  loss=0.7401  scale=4.00  mpc=0.0000
  es=  337,920  sps=333  loss=0.7370  scale=4.00  mpc=0.0000
  es=  343,040  sps=335  loss=0.6856  scale=4.00  mpc=0.0000
  es=  348,160  sps=337  loss=0.6772  scale=4.00  mpc=0.0000
  step=  350,208  pi_reward=   40.8  MPPI=    0.1  sps=322
    diag pi:   full=0.00 stand=0.78  falls=26.0  ttf=1000.0
    diag mppi: full=0.00 stand=0.00  falls=0.0  ttf=1000.0
  es=  353,280  sps=324  loss=0.8361  scale=4.00  mpc=0.0000
  es=  358,400  sps=325  loss=0.7600  scale=4.00  mpc=0.0000
  es=  363,520  sps=327  loss=0.6408  scale=4.00  mpc=0.0000
  es=  368,640  sps=329  loss=0.6949  scale=4.00  mpc=0.0000
  es=  373,760  sps=331  loss=0.6660  scale=4.00  mpc=0.0000
  es=  378,880  sps=333  loss=0.6821  scale=4.00  mpc=0.0000
  es=  384,000  sps=334  loss=0.7382  scale=4.00  mpc=0.0000
  es=  389,120  sps=336  loss=0.7234  scale=4.00  mpc=0.0000
  es=  394,240  sps=338  loss=0.6845  scale=4.00  mpc=0.0000
  es=  399,360  sps=340  loss=0.6619  scale=4.00  mpc=0.0000
  step=  400,128  pi_reward=  102.7  MPPI=  123.4  sps=326
    diag pi:   full=0.00 stand=0.99  falls=2.0  ttf=1000.0
    diag mppi: full=0.00 stand=0.97  falls=1.2  ttf=1000.0
  es=  404,480  sps=327  loss=0.6411  scale=4.00  mpc=0.0000
  es=  409,600  sps=329  loss=0.6261  scale=4.00  mpc=0.0000
  es=  414,720  sps=330  loss=0.5667  scale=4.00  mpc=0.0000
  es=  419,840  sps=332  loss=0.5755  scale=4.00  mpc=0.0000
  es=  424,960  sps=334  loss=0.5907  scale=4.00  mpc=0.0000
  es=  430,080  sps=335  loss=0.5285  scale=4.00  mpc=0.0000
  es=  435,200  sps=337  loss=0.4985  scale=4.00  mpc=0.0000
  es=  440,320  sps=338  loss=0.5695  scale=4.00  mpc=0.0000
  es=  445,440  sps=340  loss=0.5697  scale=4.00  mpc=0.0000
  step=  450,048  pi_reward=   64.5  MPPI=   82.0  sps=328
    diag pi:   full=0.00 stand=0.72  falls=13.4  ttf=1000.0
    diag mppi: full=0.00 stand=0.78  falls=10.2  ttf=1000.0
  es=  450,560  sps=328  loss=0.6046  scale=4.00  mpc=0.0000
  es=  455,680  sps=330  loss=0.6222  scale=4.00  mpc=0.0000
  es=  460,800  sps=331  loss=0.5926  scale=4.00  mpc=0.0000
  es=  465,920  sps=333  loss=0.5884  scale=4.00  mpc=0.0000
  es=  471,040  sps=334  loss=0.6506  scale=4.00  mpc=0.0000
  es=  476,160  sps=336  loss=0.6304  scale=4.00  mpc=0.0000
  es=  481,280  sps=337  loss=0.5823  scale=4.00  mpc=0.0000
  es=  486,400  sps=338  loss=0.6019  scale=4.00  mpc=0.0000
  es=  491,520  sps=340  loss=0.5570  scale=4.00  mpc=0.0000
  es=  496,640  sps=341  loss=0.6523  scale=4.00  mpc=0.0000
  step=  500,224  pi_reward=  111.9  MPPI=  147.1  sps=330
    diag pi:   full=0.00 stand=0.92  falls=7.8  ttf=1000.0
    diag mppi: full=0.00 stand=0.96  falls=2.4  ttf=1000.0
  TD-MPC2 CheetahRun done in 1514s

============================================================
All runs completed in 27.3 min
CSVs saved to: /root/helios-rl/exp/benchmark
[paperA_disc_cleanB] === CheetahRun seed=1 done rc=0 2026-06-17T18:34:45Z ===
[paperA_disc_cleanB] all done status=0 at 2026-06-17T18:34:45Z
