[paperA_disc_distB128] start 2026-06-17T17:05:31Z algo=tdmpc2 task=CheetahRun seeds=0 sha=paperA tag=paperA_distB128_s0
[paperA_disc_distB128] === CheetahRun seed=0 start 2026-06-17T17:05:31Z ===

Benchmark: ['tdmpc2'] × ['CheetahRun']
Steps: 500,000  Seed: 0
Output: /root/helios-rl/exp/benchmark


============================================================
  TD-MPC2 | CheetahRun | seed=0 | steps=500,000
============================================================
  K_UPDATE override: 128 gradient updates per batch (default 64)
  MPPI n_samples override: NS=2048 (DEFAULTS['NS']=512)
  DISTRACTORS: +128 OU nuisance obs dims (scale=1.0, rho=0.95)
  obs=145  act=6
  Warming up JIT (may take 30-90s)...
  JIT compiled in 26.5s
  es=    5,120  sps=107  loss=0.6066  scale=1.00  mpc=0.0000
  es=   10,240  sps=178  loss=0.6370  scale=1.00  mpc=0.0000
  es=   15,360  sps=213  loss=0.5706  scale=1.00  mpc=0.0000
  es=   20,480  sps=251  loss=0.4781  scale=1.00  mpc=0.0000
  es=   25,600  sps=275  loss=0.4465  scale=1.00  mpc=0.0000
  es=   30,720  sps=298  loss=0.6107  scale=1.00  mpc=0.0000
  es=   35,840  sps=318  loss=0.6905  scale=1.61  mpc=0.0000
  es=   40,960  sps=335  loss=0.6548  scale=1.01  mpc=0.0000
  es=   46,080  sps=349  loss=0.6331  scale=1.00  mpc=0.0000
  step=   50,176  pi_reward=    0.4  MPPI=    4.9  sps=205
    diag pi:   full=0.00 stand=0.01  falls=1.4  ttf=1000.0
    diag mppi: full=0.00 stand=0.14  falls=16.0  ttf=1000.0
  es=   51,200  sps=207  loss=0.6964  scale=1.00  mpc=0.0000
  es=   56,320  sps=220  loss=0.6746  scale=1.01  mpc=0.0000
  es=   61,440  sps=231  loss=0.6282  scale=1.61  mpc=0.0000
  es=   66,560  sps=240  loss=0.4554  scale=1.25  mpc=0.0000
  es=   71,680  sps=250  loss=0.5578  scale=1.36  mpc=0.0000
  es=   76,800  sps=259  loss=0.4008  scale=1.09  mpc=0.0000
  es=   81,920  sps=267  loss=0.7479  scale=1.36  mpc=0.0000
  es=   87,040  sps=275  loss=0.6403  scale=1.44  mpc=0.0000
  es=   92,160  sps=283  loss=0.6839  scale=1.76  mpc=0.0000
  es=   97,280  sps=290  loss=0.6659  scale=1.76  mpc=0.0000
  step=  100,096  pi_reward=    3.8  MPPI=   23.3  sps=255
    diag pi:   full=0.00 stand=0.06  falls=1.8  ttf=1000.0
    diag mppi: full=0.00 stand=0.40  falls=14.4  ttf=1000.0
  es=  102,400  sps=258  loss=0.6454  scale=1.75  mpc=0.0000
  es=  107,520  sps=265  loss=0.6543  scale=1.83  mpc=0.0000
  es=  112,640  sps=271  loss=0.6321  scale=1.53  mpc=0.0000
  es=  117,760  sps=276  loss=0.6567  scale=1.57  mpc=0.0000
  es=  122,880  sps=282  loss=0.6718  scale=1.80  mpc=0.0000
  es=  128,000  sps=287  loss=0.6611  scale=1.97  mpc=0.0000
  es=  133,120  sps=292  loss=0.6586  scale=2.04  mpc=0.0000
  es=  138,240  sps=297  loss=0.7128  scale=1.98  mpc=0.0000
  es=  143,360  sps=301  loss=0.7193  scale=1.64  mpc=0.0000
  es=  148,480  sps=306  loss=0.6861  scale=2.41  mpc=0.0000
  step=  150,016  pi_reward=   20.6  MPPI=   38.1  sps=278
    diag pi:   full=0.00 stand=0.24  falls=3.6  ttf=1000.0
    diag mppi: full=0.00 stand=0.72  falls=13.6  ttf=1000.0
  es=  153,600  sps=281  loss=0.8066  scale=3.01  mpc=0.0000
  es=  158,720  sps=285  loss=0.6905  scale=3.14  mpc=0.0000
  es=  163,840  sps=289  loss=0.7057  scale=3.23  mpc=0.0000
  es=  168,960  sps=293  loss=0.7263  scale=3.29  mpc=0.0000
  es=  174,080  sps=297  loss=0.7509  scale=3.40  mpc=0.0000
  es=  179,200  sps=300  loss=0.7400  scale=3.28  mpc=0.0000
  es=  184,320  sps=304  loss=0.7240  scale=3.01  mpc=0.0000
  es=  189,440  sps=307  loss=0.7060  scale=2.94  mpc=0.0000
  es=  194,560  sps=311  loss=0.6565  scale=3.14  mpc=0.0000
  es=  199,680  sps=314  loss=0.6999  scale=3.26  mpc=0.0000
  step=  200,192  pi_reward=   61.4  MPPI=   79.9  sps=291
    diag pi:   full=0.00 stand=0.80  falls=8.8  ttf=1000.0
    diag mppi: full=0.00 stand=0.84  falls=6.8  ttf=1000.0
  es=  204,800  sps=293  loss=0.7062  scale=2.94  mpc=0.0000
  es=  209,920  sps=297  loss=0.7036  scale=3.06  mpc=0.0000
  es=  215,040  sps=300  loss=0.7301  scale=3.48  mpc=0.0000
  es=  220,160  sps=303  loss=0.7422  scale=3.80  mpc=0.0000
  es=  225,280  sps=305  loss=0.7572  scale=3.69  mpc=0.0000
  es=  230,400  sps=308  loss=0.8123  scale=3.78  mpc=0.0000
  es=  235,520  sps=311  loss=0.8090  scale=3.95  mpc=0.0000
  es=  240,640  sps=314  loss=0.8080  scale=4.00  mpc=0.0000
  es=  245,760  sps=316  loss=0.8070  scale=3.98  mpc=0.0000
  step=  250,112  pi_reward=   93.7  MPPI=   98.3  sps=299
    diag pi:   full=0.00 stand=0.83  falls=4.2  ttf=1000.0
    diag mppi: full=0.00 stand=0.97  falls=2.6  ttf=1000.0
  es=  250,880  sps=299  loss=0.8189  scale=4.00  mpc=0.0000
  es=  256,000  sps=302  loss=0.7939  scale=4.00  mpc=0.0000
  es=  261,120  sps=304  loss=0.7231  scale=4.00  mpc=0.0000
  es=  266,240  sps=307  loss=0.7437  scale=3.67  mpc=0.0000
  es=  271,360  sps=309  loss=0.8047  scale=3.81  mpc=0.0000
  es=  276,480  sps=311  loss=0.8267  scale=3.70  mpc=0.0000
  es=  281,600  sps=314  loss=0.7897  scale=3.54  mpc=0.0000
  es=  286,720  sps=316  loss=0.7547  scale=3.71  mpc=0.0000
  es=  291,840  sps=318  loss=0.7539  scale=3.27  mpc=0.0000
  es=  296,960  sps=320  loss=0.7182  scale=3.04  mpc=0.0000
  step=  300,032  pi_reward=   63.6  MPPI=   30.6  sps=304
    diag pi:   full=0.00 stand=0.86  falls=9.2  ttf=1000.0
    diag mppi: full=0.00 stand=0.56  falls=26.4  ttf=1000.0
  es=  302,080  sps=305  loss=0.7825  scale=3.03  mpc=0.0000
  es=  307,200  sps=307  loss=0.7290  scale=2.83  mpc=0.0000
  es=  312,320  sps=309  loss=0.7418  scale=2.75  mpc=0.0000
  es=  317,440  sps=311  loss=0.7384  scale=3.00  mpc=0.0000
  es=  322,560  sps=313  loss=0.7712  scale=2.95  mpc=0.0000
  es=  327,680  sps=315  loss=0.7976  scale=2.99  mpc=0.0000
  es=  332,800  sps=317  loss=0.7716  scale=2.92  mpc=0.0000
  es=  337,920  sps=319  loss=0.8158  scale=2.88  mpc=0.0000
  es=  343,040  sps=321  loss=0.7823  scale=3.03  mpc=0.0000
  es=  348,160  sps=323  loss=0.8156  scale=3.11  mpc=0.0000
  step=  350,208  pi_reward=   65.3  MPPI=   43.3  sps=309
    diag pi:   full=0.00 stand=0.74  falls=6.2  ttf=1000.0
    diag mppi: full=0.00 stand=0.68  falls=20.0  ttf=1000.0
  es=  353,280  sps=310  loss=0.8162  scale=3.22  mpc=0.0000
  es=  358,400  sps=311  loss=0.8431  scale=3.23  mpc=0.0000
  es=  363,520  sps=313  loss=0.8860  scale=3.29  mpc=0.0000
  es=  368,640  sps=315  loss=0.8593  scale=3.66  mpc=0.0000
  es=  373,760  sps=317  loss=0.8155  scale=3.42  mpc=0.0000
  es=  378,880  sps=318  loss=0.8890  scale=3.65  mpc=0.0000
  es=  384,000  sps=320  loss=0.8388  scale=3.54  mpc=0.0000
  es=  389,120  sps=322  loss=0.8243  scale=3.64  mpc=0.0000
  es=  394,240  sps=323  loss=0.8790  scale=3.55  mpc=0.0000
  es=  399,360  sps=325  loss=0.9053  scale=3.82  mpc=0.0000
  step=  400,128  pi_reward=   65.5  MPPI=   75.9  sps=312
    diag pi:   full=0.00 stand=0.80  falls=9.8  ttf=1000.0
    diag mppi: full=0.00 stand=0.87  falls=6.8  ttf=1000.0
  es=  404,480  sps=313  loss=0.8304  scale=3.77  mpc=0.0000
  es=  409,600  sps=315  loss=0.8813  scale=3.53  mpc=0.0000
  es=  414,720  sps=316  loss=0.8150  scale=3.69  mpc=0.0000
  es=  419,840  sps=318  loss=0.8473  scale=3.75  mpc=0.0000
  es=  424,960  sps=319  loss=0.8632  scale=4.00  mpc=0.0000
  es=  430,080  sps=321  loss=0.8708  scale=3.92  mpc=0.0000
  es=  435,200  sps=322  loss=0.8682  scale=4.00  mpc=0.0000
  es=  440,320  sps=324  loss=0.8771  scale=4.00  mpc=0.0000
  es=  445,440  sps=325  loss=0.8709  scale=3.99  mpc=0.0000
  step=  450,048  pi_reward=   59.6  MPPI=   47.7  sps=315
    diag pi:   full=0.00 stand=0.88  falls=6.8  ttf=1000.0
    diag mppi: full=0.00 stand=0.76  falls=14.2  ttf=1000.0
  es=  450,560  sps=315  loss=0.8508  scale=4.00  mpc=0.0000
  es=  455,680  sps=316  loss=0.8598  scale=3.99  mpc=0.0000
  es=  460,800  sps=317  loss=0.8816  scale=4.00  mpc=0.0000
  es=  465,920  sps=319  loss=0.9126  scale=4.00  mpc=0.0000
  es=  471,040  sps=320  loss=0.8919  scale=3.98  mpc=0.0000
  es=  476,160  sps=321  loss=0.8959  scale=3.99  mpc=0.0000
  es=  481,280  sps=323  loss=0.9068  scale=4.00  mpc=0.0000
  es=  486,400  sps=324  loss=0.8968  scale=3.98  mpc=0.0000
  es=  491,520  sps=325  loss=0.8845  scale=3.95  mpc=0.0000
  es=  496,640  sps=326  loss=0.8971  scale=3.96  mpc=0.0000
  step=  500,224  pi_reward=   66.8  MPPI=  107.8  sps=317
    diag pi:   full=0.00 stand=0.77  falls=10.6  ttf=1000.0
    diag mppi: full=0.00 stand=0.95  falls=7.6  ttf=1000.0
  TD-MPC2 CheetahRun done in 1580s

============================================================
All runs completed in 28.4 min
CSVs saved to: /root/helios-rl/exp/benchmark
[paperA_disc_distB128] === CheetahRun seed=0 done rc=0 2026-06-17T17:34:04Z ===
[paperA_disc_distB128] all done status=0 at 2026-06-17T17:34:04Z
